ASxxxx Linker V03.00 + NoICE + sdld,  page 1.
Hexadecimal  [32-Bits]

Area                       Addr        Size        Decimal Bytes (Attributes)
--------------------       ----        ----        ------- ----- ------------
.  .ABS.               00000000    00000000 =           0. bytes (ABS,CON)

        Value  Global            Value  Global            Value  Global    
        -----  ------            -----  ------            -----  ------    
     00000000  .__.ABS.  |    00000000  _rRAMG    |    00000000  l__BASE  
     00000000  l__BSS    |    00000000  l__CABS   |    00000000  l__CODE_0
     00000000  l__DABS   |    00000000  l__HEADER |    00000000  l__HEAP  
     00000000  l__HEAP_E |    00000000  l__HRAM   |    00000000  l__LIT   
     00000000  s__CABS   |    00000000  s__DABS   |    00000000  s__HEADER
     00000000  s__HEADER |    00000000  s__HEADER |    00000000  s__HEADER
     00000000  s__HEADER |    00000000  s__HEADER |    00000000  s__HEADER
     00000000  s__HEADER |    00000000  s__HEADER |    00000000  s__HEADER
     00000000  s__HEADER |    00000000  s__HEADER |    00000000  s__HEADER
     00000000  s__HEADER |    00000000  s__HEADER |    00000000  s__HEADER
     00000000  s__HEADER |    00000000  s__HEADER |    00000000  s__HEADER
     00000000  s__HRAM   |    00000000  s__HRAM12 |    00000001  l__GSFINA
     00000001  l__HEADER |    00000001  l__HEADER |    00000001  l__HEADER
     00000001  l__HEADER |    00000001  l__HEADER |    00000001  l__HEADER
     00000001  l__HEADER |    00000001  l__INITIA |    00000001  l__INITIA
     00000002  l__HEADER |    00000002  l__HEADER |    00000002  l__HEADER
     00000003  l__HEADER |    00000003  l__HRAM12 |    00000005  l__HEADER
     00000006  l__HEADER |    00000007  l__HEADER |    00000008  l__HEADER
     0000000C  l__GSINIT |    0000002C  l__DATA   |    00000030  l__HEADER
     0000004C  l__HEADER |    00000084  l__HEADER |    000001B3  l__HOME  
     00000200  s__CODE   |    00002000  _rROMB0   |    00003000  _rROMB1  
     000036C0  l__CODE   |    000038C0  s__HOME   |    00003A73  s__BASE  
     00003A73  s__CODE_0 |    00003A73  s__INITIA |    00003A73  s__LIT   
     00003A74  s__GSINIT |    00003A80  s__GSFINA |    00004000  _rRAMB   
     00008000  __VRAM    |    00008000  __VRAM800 |    00008800  __VRAM880
     00009000  __VRAM900 |    00009800  __SCRN0   |    00009C00  __SCRN1  
     0000A000  __SRAM    |    0000C000  __RAM     |    0000C000  _shadow_O
     0000C0A0  s__DATA   |    0000C0CC  s__BSS    |    0000C0CC  s__INITIA
     0000C0CD  s__HEAP   |    0000C0CD  s__HEAP_E |    0000D000  __RAMBANK
     0000E000  .STACK    |    0000FE00  __OAMRAM  |    0000FF00  _P1_REG  
     0000FF00  __IO      |    0000FF01  _SB_REG   |    0000FF02  _SC_REG  
     0000FF04  _DIV_REG  |    0000FF05  _TIMA_REG |    0000FF06  _TMA_REG 
     0000FF07  _TAC_REG  |    0000FF0F  _IF_REG   |    0000FF10  _NR10_REG
     0000FF11  _NR11_REG |    0000FF12  _NR12_REG |    0000FF13  _NR13_REG
     0000FF14  _NR14_REG |    0000FF16  _NR21_REG |    0000FF17  _NR22_REG
     0000FF18  _NR23_REG |    0000FF19  _NR24_REG |    0000FF1A  _NR30_REG
     0000FF1B  _NR31_REG |    0000FF1C  _NR32_REG |    0000FF1D  _NR33_REG
     0000FF1E  _NR34_REG |    0000FF20  _NR41_REG |    0000FF21  _NR42_REG
     0000FF22  _NR43_REG |    0000FF23  _NR44_REG |    0000FF24  _NR50_REG
     0000FF25  _NR51_REG |    0000FF26  _NR52_REG |    0000FF30  _AUD3WAVE
     0000FF30  _PCM_SAMP |    0000FF30  __AUD3WAV |    0000FF40  _LCDC_REG
     0000FF41  _STAT_REG |    0000FF42  _SCY_REG  |    0000FF43  _SCX_REG 
     0000FF44  _LY_REG   |    0000FF45  _LYC_REG  |    0000FF46  _DMA_REG 
     0000FF47  _BGP_REG  |    0000FF48  _OBP0_REG |    0000FF49  _OBP1_REG
     0000FF4A  _WY_REG   |    0000FF4B  _WX_REG   |    0000FF4D  _KEY1_REG
     0000FF4F  _VBK_REG  |    0000FF51  _HDMA1_RE |    0000FF52  _HDMA2_RE
     0000FF53  _HDMA3_RE |    0000FF54  _HDMA4_RE |    0000FF55  _HDMA5_RE
     0000FF56  _RP_REG   |    0000FF68  _BCPS_REG |    0000FF69  _BCPD_REG
     0000FF6A  _OCPS_REG |    0000FF6B  _OCPD_REG |    0000FF70  _SVBK_REG
     0000FF76  _PCM12_RE |    0000FF77  _PCM34_RE |    0000FF80  .refresh_
ASxxxx Linker V03.00 + NoICE + sdld,  page 2.
Hexadecimal  [32-Bits]

Area                       Addr        Size        Decimal Bytes (Attributes)
--------------------       ----        ----        ------- ----- ------------
.  .ABS.               00000000    00000000 =           0. bytes (ABS,CON)

        Value  Global            Value  Global            Value  Global    
        -----  ------            -----  ------            -----  ------    
     0000FF80  __HRAM    |    0000FFFF  _IE_REG  
ASxxxx Linker V03.00 + NoICE + sdld,  page 3.
Hexadecimal  [32-Bits]

Area                       Addr        Size        Decimal Bytes (Attributes)
--------------------       ----        ----        ------- ----- ------------
_CODE                  00000200    000036C0 =       14016. bytes (REL,CON)

        Value  Global            Value  Global            Value  Global    
        -----  ------            -----  ------            -----  ------    
     00000200  G$HeroCGB |    00000200  _HeroCGB  |    0000020A  G$HeroDow
     0000020A  _HeroDown |    0000024A  G$HeroDow |    0000024A  _HeroDown
     0000028A  G$HeroLef |    0000028A  _HeroLeft |    000002CA  G$HeroLef
     000002CA  _HeroLeft |    0000030A  G$HeroRig |    0000030A  _HeroRigh
     0000034A  G$HeroRig |    0000034A  _HeroRigh |    0000038A  G$HeroLef
     0000038A  _HeroLeft |    000003CA  G$HeroLef |    000003CA  _HeroLeft
     0000040A  G$HeroRig |    0000040A  _HeroRigh |    0000044A  G$HeroRig
     0000044A  _HeroRigh |    0000048A  G$HeroDow |    0000048A  _HeroDown
     000004CA  G$HeroDow |    000004CA  _HeroDown |    0000050A  G$HeroUpT
     0000050A  _HeroUpTi |    0000054A  G$HeroUpW |    0000054A  _HeroUpWa
     0000058A  G$HeroUpA |    0000058A  _HeroUpAt |    000005CA  G$HeroUpA
     000005CA  _HeroUpAt |    0000060A  G$HeroBli |    0000060A  _HeroBlin
     0000064A  G$SwordRi |    0000064A  _SwordRig |    0000068A  G$SwordLe
     0000068A  _SwordLef |    000006CA  G$SwordRi |    000006CA  _SwordRig
     0000070A  G$SwordLe |    0000070A  _SwordLef |    0000074A  G$SwordUp
     0000074A  _SwordUpT |    0000078A  G$SwordDo |    0000078A  _SwordDow
     000007CA  G$SwordRi |    000007CA  _SwordRig |    0000080A  G$SwordLe
     0000080A  _SwordLef |    0000084A  G$EyeTile |    0000084A  _EyeTileC
     00000851  G$EyeShad |    00000851  _EyeShado |    00000891  G$EyeDown
     00000891  _EyeDownF |    000008D1  G$EyeDown |    000008D1  _EyeDownT
     00000911  G$EyeUpFl |    00000911  _EyeUpFlo |    00000951  G$EyeUpTi
     00000951  _EyeUpTil |    00000991  G$EyeLeft |    00000991  _EyeLeftF
     000009D1  G$EyeLeft |    000009D1  _EyeLeftT |    00000A11  G$EyeRigh
     00000A11  _EyeRight |    00000A51  G$EyeRigh |    00000A51  _EyeRight
     00000A91  G$EyeBeam |    00000A91  _EyeBeamS |    00000AD1  G$EyeBeam
     00000AD1  _EyeBeamS |    00000B11  G$EyeBeam |    00000B11  _EyeBeamT
     00000B51  G$EyeBeam |    00000B51  _EyeBeamY |    00000B91  G$doukuts
     00000B91  _doukutsu |    00000B98  G$doukuts |    00000B98  _doukutsu
     00000ED8  G$doukets |    00000ED8  _douketsu |    000012D8  G$doukuts
     000012D8  _doukutsu |    000016D8  A$HeroExe |    000016D8  C$HeroExe
     000016D8  C$HeroExe |    000016D8  G$HeroExe |    000016D8  _HeroExec
     000016DB  A$HeroExe |    000016DC  A$HeroExe |    000016DF  A$HeroExe
     000016E0  A$HeroExe |    000016E3  A$HeroExe |    000016E5  A$HeroExe
     000016E5  C$HeroExe |    000016E8  A$HeroExe |    000016E9  A$HeroExe
     000016EC  A$HeroExe |    000016ED  A$HeroExe |    000016F0  A$HeroExe
     000016F2  A$HeroExe |    000016F5  A$HeroExe |    000016F7  A$HeroExe
     000016FA  A$HeroExe |    000016FC  A$HeroExe |    000016FF  A$HeroExe
     00001701  A$HeroExe |    00001704  A$HeroExe |    00001706  A$HeroExe
     00001706  C$HeroExe |    00001709  A$HeroExe |    0000170A  A$HeroExe
     0000170D  A$HeroExe |    0000170E  A$HeroExe |    00001711  A$HeroExe
     00001713  A$HeroExe |    00001716  A$HeroExe |    00001718  A$HeroExe
     0000171B  A$HeroExe |    0000171D  A$HeroExe |    00001720  A$HeroExe
     00001722  A$HeroExe |    00001725  A$HeroExe |    00001727  A$HeroExe
     00001727  C$HeroExe |    0000172A  A$HeroExe |    0000172C  A$HeroExe
     0000172C  C$HeroExe |    0000172F  A$HeroExe |    00001731  A$HeroExe
     00001734  A$HeroExe |    00001736  A$HeroExe |    00001737  A$HeroExe
     00001739  A$HeroExe |    0000173C  A$HeroExe |    0000173D  A$HeroExe
     00001740  A$HeroExe |    00001742  A$HeroExe |    00001743  A$HeroExe
     00001746  A$HeroExe |    00001747  A$HeroExe |    00001748  A$HeroExe
     00001749  A$HeroExe |    00001749  C$HeroExe |    0000174C  A$HeroExe
ASxxxx Linker V03.00 + NoICE + sdld,  page 4.
Hexadecimal  [32-Bits]

Area                       Addr        Size        Decimal Bytes (Attributes)
--------------------       ----        ----        ------- ----- ------------
_CODE                  00000200    000036C0 =       14016. bytes (REL,CON)

        Value  Global            Value  Global            Value  Global    
        -----  ------            -----  ------            -----  ------    
     0000174E  A$HeroExe |    0000174E  C$HeroExe |    00001751  A$HeroExe
     00001753  A$HeroExe |    00001753  C$HeroExe |    00001756  A$HeroExe
     00001758  A$HeroExe |    00001758  C$HeroExe |    0000175B  A$HeroExe
     0000175D  A$HeroExe |    0000175D  C$HeroExe |    00001760  A$HeroExe
     00001762  A$HeroExe |    00001762  C$HeroExe |    00001765  A$HeroExe
     00001767  A$HeroExe |    00001767  C$HeroExe |    0000176A  A$HeroExe
     0000176C  A$HeroExe |    0000176C  C$HeroExe |    0000176F  A$HeroExe
     00001771  A$HeroExe |    00001771  C$HeroExe |    00001774  A$HeroExe
     00001776  A$HeroExe |    00001776  C$HeroExe |    00001779  A$HeroExe
     0000177B  A$HeroExe |    0000177B  C$HeroExe |    0000177E  A$HeroExe
     00001780  A$HeroExe |    00001780  C$HeroExe |    00001780  XG$HeroEx
     00001781  G$spritep |    00001781  _spritepa |    000017C1  A$HeroExe
     000017C1  C$HeroExe |    000017C1  C$HeroExe |    000017C1  G$getSpri
     000017C1  _getSprit |    000017C4  A$HeroExe |    000017C4  C$HeroExe
     000017C4  XG$getSpr |    000017C5  A$HeroExe |    000017C5  C$HeroExe
     000017C5  C$HeroExe |    000017C5  G$getSpri |    000017C5  _getSprit
     000017C8  A$HeroExe |    000017C8  C$HeroExe |    000017C8  XG$getSpr
     000017C9  A$HeroExe |    000017C9  C$HeroExe |    000017C9  C$HeroExe
     000017C9  G$getBkgX |    000017C9  _getBkgX  |    000017CC  A$HeroExe
     000017CC  C$HeroExe |    000017CC  XG$getBkg |    000017CD  A$HeroExe
     000017CD  C$HeroExe |    000017CD  C$HeroExe |    000017CD  G$getBkgY
     000017CD  _getBkgY  |    000017D0  A$HeroExe |    000017D0  C$HeroExe
     000017D0  XG$getBkg |    000017D1  A$HeroExe |    000017D1  C$HeroExe
     000017D1  G$HeroExe |    000017D1  _HeroExec |    000017D3  A$HeroExe
     000017D3  C$HeroExe |    000017D6  A$HeroExe |    000017D7  A$HeroExe
     000017D9  A$HeroExe |    000017DC  A$HeroExe |    000017DD  A$HeroExe
     000017DF  A$HeroExe |    000017DF  C$HeroExe |    000017E2  A$HeroExe
     000017E3  A$HeroExe |    000017E5  A$HeroExe |    000017E5  C$HeroExe
     000017E8  A$HeroExe |    000017EA  A$HeroExe |    000017EA  C$HeroExe
     000017ED  A$HeroExe |    000017EF  A$HeroExe |    000017F1  A$HeroExe
     000017F1  C$HeroExe |    000017F4  A$HeroExe |    000017F6  A$HeroExe
     000017F6  C$HeroExe |    000017F9  A$HeroExe |    000017FB  A$HeroExe
     000017FD  A$HeroExe |    000017FD  C$HeroExe |    00001800  A$HeroExe
     00001802  A$HeroExe |    00001802  C$HeroExe |    00001805  A$HeroExe
     00001807  A$HeroExe |    00001809  A$HeroExe |    00001809  C$HeroExe
     0000180C  A$HeroExe |    0000180E  A$HeroExe |    0000180E  C$HeroExe
     00001811  A$HeroExe |    00001813  A$HeroExe |    00001815  A$HeroExe
     00001815  C$HeroExe |    00001818  A$HeroExe |    00001819  A$HeroExe
     0000181B  A$HeroExe |    0000181B  C$HeroExe |    0000181E  A$HeroExe
     00001820  A$HeroExe |    00001820  C$HeroExe |    00001823  A$HeroExe
     00001823  C$HeroExe |    00001826  A$HeroExe |    00001828  A$HeroExe
     00001828  C$HeroExe |    0000182B  A$HeroExe |    0000182C  A$HeroExe
     0000182F  A$HeroExe |    00001832  A$HeroExe |    00001833  A$HeroExe
     00001836  A$HeroExe |    00001839  A$HeroExe |    0000183B  A$HeroExe
     0000183D  A$HeroExe |    0000183F  A$HeroExe |    00001840  A$HeroExe
     00001841  A$HeroExe |    00001841  C$HeroExe |    00001844  A$HeroExe
     00001846  A$HeroExe |    00001848  A$HeroExe |    0000184A  A$HeroExe
     0000184B  A$HeroExe |    0000184C  A$HeroExe |    0000184C  C$HeroExe
     0000184F  A$HeroExe |    00001851  A$HeroExe |    00001854  A$HeroExe
     00001854  C$HeroExe |    00001857  A$HeroExe |    00001858  A$HeroExe
     0000185A  A$HeroExe |    0000185A  C$HeroExe |    0000185D  A$HeroExe
ASxxxx Linker V03.00 + NoICE + sdld,  page 5.
Hexadecimal  [32-Bits]

Area                       Addr        Size        Decimal Bytes (Attributes)
--------------------       ----        ----        ------- ----- ------------
_CODE                  00000200    000036C0 =       14016. bytes (REL,CON)

        Value  Global            Value  Global            Value  Global    
        -----  ------            -----  ------            -----  ------    
     0000185E  A$HeroExe |    00001861  A$HeroExe |    00001862  A$HeroExe
     00001865  A$HeroExe |    00001867  A$HeroExe |    00001867  C$HeroExe
     0000186A  A$HeroExe |    0000186C  A$HeroExe |    0000186E  A$HeroExe
     0000186E  C$HeroExe |    0000186F  A$HeroExe |    00001870  A$HeroExe
     00001872  A$HeroExe |    00001872  C$HeroExe |    00001875  A$HeroExe
     00001876  A$HeroExe |    00001879  A$HeroExe |    0000187A  A$HeroExe
     0000187D  A$HeroExe |    0000187F  A$HeroExe |    00001881  A$HeroExe
     00001881  C$HeroExe |    00001882  A$HeroExe |    00001883  A$HeroExe
     00001885  A$HeroExe |    00001885  C$HeroExe |    00001888  A$HeroExe
     00001889  A$HeroExe |    0000188C  A$HeroExe |    0000188D  A$HeroExe
     00001890  A$HeroExe |    00001892  A$HeroExe |    00001892  C$HeroExe
     00001895  A$HeroExe |    00001897  A$HeroExe |    00001897  C$HeroExe
     0000189A  A$HeroExe |    0000189C  A$HeroExe |    0000189E  A$HeroExe
     000018A1  A$HeroExe |    000018A3  A$HeroExe |    000018A6  A$HeroExe
     000018A9  A$HeroExe |    000018AC  A$HeroExe |    000018AD  A$HeroExe
     000018AF  A$HeroExe |    000018B0  A$HeroExe |    000018B0  C$HeroExe
     000018B3  A$HeroExe |    000018B5  A$HeroExe |    000018B7  A$HeroExe
     000018B7  C$HeroExe |    000018BA  A$HeroExe |    000018BC  A$HeroExe
     000018BF  A$HeroExe |    000018BF  C$HeroExe |    000018C2  A$HeroExe
     000018C3  A$HeroExe |    000018C4  A$HeroExe |    000018C7  A$HeroExe
     000018C8  A$HeroExe |    000018C9  A$HeroExe |    000018CA  A$HeroExe
     000018CD  A$HeroExe |    000018CE  A$HeroExe |    000018D1  A$HeroExe
     000018D3  A$HeroExe |    000018D4  A$HeroExe |    000018D7  A$HeroExe
     000018D8  A$HeroExe |    000018D9  A$HeroExe |    000018DA  A$HeroExe
     000018DA  C$HeroExe |    000018DD  A$HeroExe |    000018DD  C$HeroExe
     000018E0  A$HeroExe |    000018E2  A$HeroExe |    000018E4  A$HeroExe
     000018E4  C$HeroExe |    000018E7  A$HeroExe |    000018E8  A$HeroExe
     000018E9  A$HeroExe |    000018EC  A$HeroExe |    000018ED  A$HeroExe
     000018EE  A$HeroExe |    000018EF  A$HeroExe |    000018F2  A$HeroExe
     000018F3  A$HeroExe |    000018F6  A$HeroExe |    000018F8  A$HeroExe
     000018F9  A$HeroExe |    000018FC  A$HeroExe |    000018FD  A$HeroExe
     000018FE  A$HeroExe |    000018FF  A$HeroExe |    000018FF  C$HeroExe
     00001902  A$HeroExe |    00001902  C$HeroExe |    00001905  A$HeroExe
     00001906  A$HeroExe |    00001908  A$HeroExe |    00001909  A$HeroExe
     0000190C  A$HeroExe |    0000190D  A$HeroExe |    00001910  A$HeroExe
     00001912  A$HeroExe |    00001913  A$HeroExe |    00001915  A$HeroExe
     00001915  C$HeroExe |    00001917  A$HeroExe |    00001919  A$HeroExe
     0000191C  A$HeroExe |    0000191F  A$HeroExe |    0000191F  C$HeroExe
     00001922  A$HeroExe |    00001924  A$HeroExe |    00001927  A$HeroExe
     00001927  C$HeroExe |    0000192A  A$HeroExe |    0000192B  A$HeroExe
     0000192D  A$HeroExe |    0000192D  C$HeroExe |    00001930  A$HeroExe
     00001931  A$HeroExe |    00001934  A$HeroExe |    00001935  A$HeroExe
     00001938  A$HeroExe |    0000193A  A$HeroExe |    0000193A  C$HeroExe
     0000193D  A$HeroExe |    0000193F  A$HeroExe |    00001941  A$HeroExe
     00001941  C$HeroExe |    00001942  A$HeroExe |    00001943  A$HeroExe
     00001945  A$HeroExe |    00001945  C$HeroExe |    00001948  A$HeroExe
     00001949  A$HeroExe |    0000194C  A$HeroExe |    0000194D  A$HeroExe
     00001950  A$HeroExe |    00001952  A$HeroExe |    00001954  A$HeroExe
     00001954  C$HeroExe |    00001955  A$HeroExe |    00001956  A$HeroExe
     00001958  A$HeroExe |    00001958  C$HeroExe |    0000195B  A$HeroExe
     0000195C  A$HeroExe |    0000195F  A$HeroExe |    00001960  A$HeroExe
ASxxxx Linker V03.00 + NoICE + sdld,  page 6.
Hexadecimal  [32-Bits]

Area                       Addr        Size        Decimal Bytes (Attributes)
--------------------       ----        ----        ------- ----- ------------
_CODE                  00000200    000036C0 =       14016. bytes (REL,CON)

        Value  Global            Value  Global            Value  Global    
        -----  ------            -----  ------            -----  ------    
     00001963  A$HeroExe |    00001965  A$HeroExe |    00001965  C$HeroExe
     00001968  A$HeroExe |    0000196A  A$HeroExe |    0000196A  C$HeroExe
     0000196D  A$HeroExe |    0000196F  A$HeroExe |    00001971  A$HeroExe
     00001974  A$HeroExe |    00001976  A$HeroExe |    00001979  A$HeroExe
     0000197C  A$HeroExe |    0000197F  A$HeroExe |    00001980  A$HeroExe
     00001980  C$HeroExe |    00001982  A$HeroExe |    00001983  A$HeroExe
     00001983  C$HeroExe |    00001986  A$HeroExe |    00001987  A$HeroExe
     00001989  A$HeroExe |    00001989  C$HeroExe |    0000198C  A$HeroExe
     0000198E  A$HeroExe |    00001991  A$HeroExe |    00001991  C$HeroExe
     00001994  A$HeroExe |    00001995  A$HeroExe |    00001996  A$HeroExe
     00001999  A$HeroExe |    0000199A  A$HeroExe |    0000199B  A$HeroExe
     0000199C  A$HeroExe |    0000199F  A$HeroExe |    000019A0  A$HeroExe
     000019A3  A$HeroExe |    000019A5  A$HeroExe |    000019A6  A$HeroExe
     000019A9  A$HeroExe |    000019AA  A$HeroExe |    000019AB  A$HeroExe
     000019AC  A$HeroExe |    000019AC  C$HeroExe |    000019AF  A$HeroExe
     000019AF  C$HeroExe |    000019B2  A$HeroExe |    000019B4  A$HeroExe
     000019B6  A$HeroExe |    000019B6  C$HeroExe |    000019B9  A$HeroExe
     000019BA  A$HeroExe |    000019BB  A$HeroExe |    000019BE  A$HeroExe
     000019BF  A$HeroExe |    000019C0  A$HeroExe |    000019C1  A$HeroExe
     000019C4  A$HeroExe |    000019C5  A$HeroExe |    000019C8  A$HeroExe
     000019CA  A$HeroExe |    000019CB  A$HeroExe |    000019CE  A$HeroExe
     000019CF  A$HeroExe |    000019D0  A$HeroExe |    000019D1  A$HeroExe
     000019D1  C$HeroExe |    000019D4  A$HeroExe |    000019D4  C$HeroExe
     000019D7  A$HeroExe |    000019D8  A$HeroExe |    000019DA  A$HeroExe
     000019DB  A$HeroExe |    000019DE  A$HeroExe |    000019DF  A$HeroExe
     000019E2  A$HeroExe |    000019E4  A$HeroExe |    000019E5  A$HeroExe
     000019E7  A$HeroExe |    000019E7  C$HeroExe |    000019E9  A$HeroExe
     000019EB  A$HeroExe |    000019EE  A$HeroExe |    000019F1  A$HeroExe
     000019F1  C$HeroExe |    000019F4  A$HeroExe |    000019F5  A$HeroExe
     000019F8  A$HeroExe |    000019F8  C$HeroExe |    000019FB  A$HeroExe
     000019FC  A$HeroExe |    000019FE  A$HeroExe |    000019FE  C$HeroExe
     00001A01  A$HeroExe |    00001A02  A$HeroExe |    00001A05  A$HeroExe
     00001A06  A$HeroExe |    00001A09  A$HeroExe |    00001A0B  A$HeroExe
     00001A0B  C$HeroExe |    00001A0E  A$HeroExe |    00001A10  A$HeroExe
     00001A12  A$HeroExe |    00001A12  C$HeroExe |    00001A13  A$HeroExe
     00001A14  A$HeroExe |    00001A16  A$HeroExe |    00001A16  C$HeroExe
     00001A19  A$HeroExe |    00001A1A  A$HeroExe |    00001A1D  A$HeroExe
     00001A1E  A$HeroExe |    00001A21  A$HeroExe |    00001A23  A$HeroExe
     00001A25  A$HeroExe |    00001A25  C$HeroExe |    00001A26  A$HeroExe
     00001A27  A$HeroExe |    00001A29  A$HeroExe |    00001A29  C$HeroExe
     00001A2C  A$HeroExe |    00001A2D  A$HeroExe |    00001A30  A$HeroExe
     00001A31  A$HeroExe |    00001A34  A$HeroExe |    00001A36  A$HeroExe
     00001A36  C$HeroExe |    00001A39  A$HeroExe |    00001A3B  A$HeroExe
     00001A3B  C$HeroExe |    00001A3E  A$HeroExe |    00001A40  A$HeroExe
     00001A42  A$HeroExe |    00001A45  A$HeroExe |    00001A47  A$HeroExe
     00001A4A  A$HeroExe |    00001A4D  A$HeroExe |    00001A4E  A$HeroExe
     00001A51  A$HeroExe |    00001A53  A$HeroExe |    00001A54  A$HeroExe
     00001A54  C$HeroExe |    00001A57  A$HeroExe |    00001A58  A$HeroExe
     00001A5A  A$HeroExe |    00001A5A  C$HeroExe |    00001A5D  A$HeroExe
     00001A5F  A$HeroExe |    00001A62  A$HeroExe |    00001A62  C$HeroExe
     00001A65  A$HeroExe |    00001A66  A$HeroExe |    00001A67  A$HeroExe
ASxxxx Linker V03.00 + NoICE + sdld,  page 7.
Hexadecimal  [32-Bits]

Area                       Addr        Size        Decimal Bytes (Attributes)
--------------------       ----        ----        ------- ----- ------------
_CODE                  00000200    000036C0 =       14016. bytes (REL,CON)

        Value  Global            Value  Global            Value  Global    
        -----  ------            -----  ------            -----  ------    
     00001A6A  A$HeroExe |    00001A6B  A$HeroExe |    00001A6C  A$HeroExe
     00001A6F  A$HeroExe |    00001A70  A$HeroExe |    00001A73  A$HeroExe
     00001A75  A$HeroExe |    00001A76  A$HeroExe |    00001A79  A$HeroExe
     00001A7A  A$HeroExe |    00001A7B  A$HeroExe |    00001A7C  A$HeroExe
     00001A7C  C$HeroExe |    00001A7F  A$HeroExe |    00001A7F  C$HeroExe
     00001A82  A$HeroExe |    00001A84  A$HeroExe |    00001A86  A$HeroExe
     00001A86  C$HeroExe |    00001A89  A$HeroExe |    00001A8A  A$HeroExe
     00001A8B  A$HeroExe |    00001A8E  A$HeroExe |    00001A8F  A$HeroExe
     00001A90  A$HeroExe |    00001A93  A$HeroExe |    00001A94  A$HeroExe
     00001A97  A$HeroExe |    00001A99  A$HeroExe |    00001A9A  A$HeroExe
     00001A9D  A$HeroExe |    00001A9E  A$HeroExe |    00001A9F  A$HeroExe
     00001AA0  A$HeroExe |    00001AA0  C$HeroExe |    00001AA3  A$HeroExe
     00001AA3  C$HeroExe |    00001AA6  A$HeroExe |    00001AA7  A$HeroExe
     00001AA9  A$HeroExe |    00001AAA  A$HeroExe |    00001AAB  A$HeroExe
     00001AAE  A$HeroExe |    00001AB0  A$HeroExe |    00001AB1  A$HeroExe
     00001AB3  A$HeroExe |    00001AB3  C$HeroExe |    00001AB5  A$HeroExe
     00001AB6  A$HeroExe |    00001AB9  A$HeroExe |    00001ABC  A$HeroExe
     00001ABC  C$HeroExe |    00001ABF  A$HeroExe |    00001AC1  A$HeroExe
     00001AC4  A$HeroExe |    00001AC4  C$HeroExe |    00001AC7  A$HeroExe
     00001AC8  A$HeroExe |    00001ACA  A$HeroExe |    00001ACA  C$HeroExe
     00001ACD  A$HeroExe |    00001ACE  A$HeroExe |    00001AD1  A$HeroExe
     00001AD2  A$HeroExe |    00001AD5  A$HeroExe |    00001AD7  A$HeroExe
     00001AD7  C$HeroExe |    00001ADA  A$HeroExe |    00001ADC  A$HeroExe
     00001ADE  A$HeroExe |    00001ADE  C$HeroExe |    00001ADF  A$HeroExe
     00001AE0  A$HeroExe |    00001AE2  A$HeroExe |    00001AE2  C$HeroExe
     00001AE5  A$HeroExe |    00001AE6  A$HeroExe |    00001AE9  A$HeroExe
     00001AEA  A$HeroExe |    00001AED  A$HeroExe |    00001AEF  A$HeroExe
     00001AF1  A$HeroExe |    00001AF1  C$HeroExe |    00001AF2  A$HeroExe
     00001AF3  A$HeroExe |    00001AF5  A$HeroExe |    00001AF5  C$HeroExe
     00001AF8  A$HeroExe |    00001AF9  A$HeroExe |    00001AFC  A$HeroExe
     00001AFD  A$HeroExe |    00001B00  A$HeroExe |    00001B02  A$HeroExe
     00001B02  C$HeroExe |    00001B05  A$HeroExe |    00001B07  A$HeroExe
     00001B07  C$HeroExe |    00001B0A  A$HeroExe |    00001B0C  A$HeroExe
     00001B0E  A$HeroExe |    00001B11  A$HeroExe |    00001B13  A$HeroExe
     00001B15  A$HeroExe |    00001B15  C$HeroExe |    00001B18  A$HeroExe
     00001B19  A$HeroExe |    00001B1C  A$HeroExe |    00001B1C  C$HeroExe
     00001B1E  A$HeroExe |    00001B1F  A$HeroExe |    00001B1F  C$HeroExe
     00001B22  A$HeroExe |    00001B24  A$HeroExe |    00001B26  A$HeroExe
     00001B26  C$HeroExe |    00001B29  A$HeroExe |    00001B2B  A$HeroExe
     00001B2D  A$HeroExe |    00001B2D  C$HeroExe |    00001B30  A$HeroExe
     00001B31  A$HeroExe |    00001B32  A$HeroExe |    00001B35  A$HeroExe
     00001B36  A$HeroExe |    00001B37  A$HeroExe |    00001B3A  A$HeroExe
     00001B3B  A$HeroExe |    00001B3E  A$HeroExe |    00001B40  A$HeroExe
     00001B41  A$HeroExe |    00001B44  A$HeroExe |    00001B45  A$HeroExe
     00001B46  A$HeroExe |    00001B47  A$HeroExe |    00001B47  C$HeroExe
     00001B49  A$HeroExe |    00001B49  C$HeroExe |    00001B4C  A$HeroExe
     00001B4E  A$HeroExe |    00001B50  A$HeroExe |    00001B50  C$HeroExe
     00001B53  A$HeroExe |    00001B54  A$HeroExe |    00001B55  A$HeroExe
     00001B58  A$HeroExe |    00001B59  A$HeroExe |    00001B5A  A$HeroExe
     00001B5D  A$HeroExe |    00001B5E  A$HeroExe |    00001B61  A$HeroExe
     00001B63  A$HeroExe |    00001B64  A$HeroExe |    00001B67  A$HeroExe
ASxxxx Linker V03.00 + NoICE + sdld,  page 8.
Hexadecimal  [32-Bits]

Area                       Addr        Size        Decimal Bytes (Attributes)
--------------------       ----        ----        ------- ----- ------------
_CODE                  00000200    000036C0 =       14016. bytes (REL,CON)

        Value  Global            Value  Global            Value  Global    
        -----  ------            -----  ------            -----  ------    
     00001B68  A$HeroExe |    00001B69  A$HeroExe |    00001B6A  A$HeroExe
     00001B6A  C$HeroExe |    00001B6C  A$HeroExe |    00001B6C  C$HeroExe
     00001B6F  A$HeroExe |    00001B70  A$HeroExe |    00001B72  A$HeroExe
     00001B73  A$HeroExe |    00001B74  A$HeroExe |    00001B77  A$HeroExe
     00001B79  A$HeroExe |    00001B7A  A$HeroExe |    00001B7C  A$HeroExe
     00001B7C  C$HeroExe |    00001B7E  A$HeroExe |    00001B7F  A$HeroExe
     00001B82  A$HeroExe |    00001B82  C$HeroExe |    00001B85  A$HeroExe
     00001B86  A$HeroExe |    00001B86  C$HeroExe |    00001B89  A$HeroExe
     00001B8A  A$HeroExe |    00001B8D  A$HeroExe |    00001B8D  C$HeroExe
     00001B90  A$HeroExe |    00001B92  A$HeroExe |    00001B94  A$HeroExe
     00001B96  A$HeroExe |    00001B97  A$HeroExe |    00001B99  A$HeroExe
     00001B9A  A$HeroExe |    00001B9A  C$HeroExe |    00001B9D  A$HeroExe
     00001B9F  A$HeroExe |    00001BA1  A$HeroExe |    00001BA3  A$HeroExe
     00001BA4  A$HeroExe |    00001BA6  A$HeroExe |    00001BA7  A$HeroExe
     00001BA7  C$HeroExe |    00001BAA  A$HeroExe |    00001BAC  A$HeroExe
     00001BAE  A$HeroExe |    00001BB0  A$HeroExe |    00001BB1  A$HeroExe
     00001BB3  A$HeroExe |    00001BB4  A$HeroExe |    00001BB4  C$HeroExe
     00001BB7  A$HeroExe |    00001BB9  A$HeroExe |    00001BBB  A$HeroExe
     00001BBD  A$HeroExe |    00001BBE  A$HeroExe |    00001BC0  A$HeroExe
     00001BC1  A$HeroExe |    00001BC1  C$HeroExe |    00001BC4  A$HeroExe
     00001BC6  A$HeroExe |    00001BC8  A$HeroExe |    00001BCA  A$HeroExe
     00001BCB  A$HeroExe |    00001BCD  A$HeroExe |    00001BCE  A$HeroExe
     00001BCE  C$HeroExe |    00001BD1  A$HeroExe |    00001BD3  A$HeroExe
     00001BD5  A$HeroExe |    00001BD7  A$HeroExe |    00001BD8  A$HeroExe
     00001BDA  A$HeroExe |    00001BDB  A$HeroExe |    00001BDB  C$HeroExe
     00001BDE  A$HeroExe |    00001BE0  A$HeroExe |    00001BE2  A$HeroExe
     00001BE4  A$HeroExe |    00001BE5  A$HeroExe |    00001BE7  A$HeroExe
     00001BE8  A$HeroExe |    00001BE8  C$HeroExe |    00001BEB  A$HeroExe
     00001BEC  A$HeroExe |    00001BEF  A$HeroExe |    00001BEF  C$HeroExe
     00001BF2  A$HeroExe |    00001BF3  A$HeroExe |    00001BF5  A$HeroExe
     00001BF5  C$HeroExe |    00001BF8  A$HeroExe |    00001BF9  A$HeroExe
     00001BFC  A$HeroExe |    00001BFD  A$HeroExe |    00001C00  A$HeroExe
     00001C02  A$HeroExe |    00001C02  C$HeroExe |    00001C05  A$HeroExe
     00001C06  A$HeroExe |    00001C09  A$HeroExe |    00001C0A  A$HeroExe
     00001C0D  A$HeroExe |    00001C0F  A$HeroExe |    00001C12  A$HeroExe
     00001C14  A$HeroExe |    00001C16  A$HeroExe |    00001C17  A$HeroExe
     00001C1A  A$HeroExe |    00001C1C  A$HeroExe |    00001C1D  A$HeroExe
     00001C1E  A$HeroExe |    00001C20  A$HeroExe |    00001C21  A$HeroExe
     00001C24  A$HeroExe |    00001C25  A$HeroExe |    00001C26  A$HeroExe
     00001C27  A$HeroExe |    00001C28  A$HeroExe |    00001C29  A$HeroExe
     00001C2C  A$HeroExe |    00001C2E  A$HeroExe |    00001C30  A$HeroExe
     00001C31  A$HeroExe |    00001C34  A$HeroExe |    00001C36  A$HeroExe
     00001C37  A$HeroExe |    00001C38  A$HeroExe |    00001C3A  A$HeroExe
     00001C3B  A$HeroExe |    00001C3E  A$HeroExe |    00001C3F  A$HeroExe
     00001C40  A$HeroExe |    00001C41  A$HeroExe |    00001C42  A$HeroExe
     00001C43  A$HeroExe |    00001C43  C$HeroExe |    00001C46  A$HeroExe
     00001C46  C$HeroExe |    00001C48  A$HeroExe |    00001C49  A$HeroExe
     00001C4A  A$HeroExe |    00001C4C  A$HeroExe |    00001C4F  A$HeroExe
     00001C51  A$HeroExe |    00001C54  A$HeroExe |    00001C56  A$HeroExe
     00001C59  A$HeroExe |    00001C5B  A$HeroExe |    00001C5E  A$HeroExe
     00001C60  A$HeroExe |    00001C60  C$HeroExe |    00001C63  A$HeroExe
ASxxxx Linker V03.00 + NoICE + sdld,  page 9.
Hexadecimal  [32-Bits]

Area                       Addr        Size        Decimal Bytes (Attributes)
--------------------       ----        ----        ------- ----- ------------
_CODE                  00000200    000036C0 =       14016. bytes (REL,CON)

        Value  Global            Value  Global            Value  Global    
        -----  ------            -----  ------            -----  ------    
     00001C63  C$HeroExe |    00001C65  A$HeroExe |    00001C66  A$HeroExe
     00001C67  A$HeroExe |    00001C69  A$HeroExe |    00001C69  C$HeroExe
     00001C6C  A$HeroExe |    00001C6D  A$HeroExe |    00001C70  A$HeroExe
     00001C71  A$HeroExe |    00001C74  A$HeroExe |    00001C76  A$HeroExe
     00001C79  A$HeroExe |    00001C7B  A$HeroExe |    00001C7C  A$HeroExe
     00001C7F  A$HeroExe |    00001C81  A$HeroExe |    00001C82  A$HeroExe
     00001C83  A$HeroExe |    00001C85  A$HeroExe |    00001C86  A$HeroExe
     00001C89  A$HeroExe |    00001C8A  A$HeroExe |    00001C8B  A$HeroExe
     00001C8C  A$HeroExe |    00001C8D  A$HeroExe |    00001C8E  A$HeroExe
     00001C91  A$HeroExe |    00001C93  A$HeroExe |    00001C94  A$HeroExe
     00001C97  A$HeroExe |    00001C99  A$HeroExe |    00001C9A  A$HeroExe
     00001C9B  A$HeroExe |    00001C9D  A$HeroExe |    00001C9E  A$HeroExe
     00001CA1  A$HeroExe |    00001CA2  A$HeroExe |    00001CA3  A$HeroExe
     00001CA4  A$HeroExe |    00001CA5  A$HeroExe |    00001CA6  A$HeroExe
     00001CA6  C$HeroExe |    00001CA9  A$HeroExe |    00001CA9  C$HeroExe
     00001CAB  A$HeroExe |    00001CAC  A$HeroExe |    00001CAD  A$HeroExe
     00001CAF  A$HeroExe |    00001CB2  A$HeroExe |    00001CB4  A$HeroExe
     00001CB5  A$HeroExe |    00001CB7  A$HeroExe |    00001CBA  A$HeroExe
     00001CBC  A$HeroExe |    00001CBD  A$HeroExe |    00001CBF  A$HeroExe
     00001CBF  C$HeroExe |    00001CC2  A$HeroExe |    00001CC2  C$HeroExe
     00001CC4  A$HeroExe |    00001CC5  A$HeroExe |    00001CC6  A$HeroExe
     00001CC8  A$HeroExe |    00001CC8  C$HeroExe |    00001CCB  A$HeroExe
     00001CCC  A$HeroExe |    00001CCF  A$HeroExe |    00001CD0  A$HeroExe
     00001CD3  A$HeroExe |    00001CD5  A$HeroExe |    00001CD5  C$HeroExe
     00001CD8  A$HeroExe |    00001CD9  A$HeroExe |    00001CDC  A$HeroExe
     00001CDD  A$HeroExe |    00001CE0  A$HeroExe |    00001CE2  A$HeroExe
     00001CE5  A$HeroExe |    00001CE7  A$HeroExe |    00001CE9  A$HeroExe
     00001CEA  A$HeroExe |    00001CED  A$HeroExe |    00001CEF  A$HeroExe
     00001CF0  A$HeroExe |    00001CF1  A$HeroExe |    00001CF3  A$HeroExe
     00001CF4  A$HeroExe |    00001CF7  A$HeroExe |    00001CF8  A$HeroExe
     00001CF9  A$HeroExe |    00001CFA  A$HeroExe |    00001CFB  A$HeroExe
     00001CFC  A$HeroExe |    00001CFF  A$HeroExe |    00001D01  A$HeroExe
     00001D03  A$HeroExe |    00001D04  A$HeroExe |    00001D07  A$HeroExe
     00001D09  A$HeroExe |    00001D0A  A$HeroExe |    00001D0B  A$HeroExe
     00001D0D  A$HeroExe |    00001D0E  A$HeroExe |    00001D11  A$HeroExe
     00001D12  A$HeroExe |    00001D13  A$HeroExe |    00001D14  A$HeroExe
     00001D15  A$HeroExe |    00001D16  A$HeroExe |    00001D16  C$HeroExe
     00001D19  A$HeroExe |    00001D19  C$HeroExe |    00001D1B  A$HeroExe
     00001D1C  A$HeroExe |    00001D1D  A$HeroExe |    00001D1F  A$HeroExe
     00001D22  A$HeroExe |    00001D24  A$HeroExe |    00001D25  A$HeroExe
     00001D27  A$HeroExe |    00001D2A  A$HeroExe |    00001D2C  A$HeroExe
     00001D2D  A$HeroExe |    00001D2F  A$HeroExe |    00001D2F  C$HeroExe
     00001D31  A$HeroExe |    00001D31  C$HeroExe |    00001D33  A$HeroExe
     00001D34  A$HeroExe |    00001D35  A$HeroExe |    00001D37  A$HeroExe
     00001D37  C$HeroExe |    00001D3A  A$HeroExe |    00001D3B  A$HeroExe
     00001D3E  A$HeroExe |    00001D3F  A$HeroExe |    00001D42  A$HeroExe
     00001D44  A$HeroExe |    00001D47  A$HeroExe |    00001D49  A$HeroExe
     00001D4B  A$HeroExe |    00001D4C  A$HeroExe |    00001D4F  A$HeroExe
     00001D51  A$HeroExe |    00001D52  A$HeroExe |    00001D53  A$HeroExe
     00001D54  A$HeroExe |    00001D55  A$HeroExe |    00001D58  A$HeroExe
     00001D59  A$HeroExe |    00001D5A  A$HeroExe |    00001D5B  A$HeroExe
ASxxxx Linker V03.00 + NoICE + sdld,  page 10.
Hexadecimal  [32-Bits]

Area                       Addr        Size        Decimal Bytes (Attributes)
--------------------       ----        ----        ------- ----- ------------
_CODE                  00000200    000036C0 =       14016. bytes (REL,CON)

        Value  Global            Value  Global            Value  Global    
        -----  ------            -----  ------            -----  ------    
     00001D5C  A$HeroExe |    00001D5D  A$HeroExe |    00001D60  A$HeroExe
     00001D62  A$HeroExe |    00001D64  A$HeroExe |    00001D65  A$HeroExe
     00001D68  A$HeroExe |    00001D6A  A$HeroExe |    00001D6B  A$HeroExe
     00001D6C  A$HeroExe |    00001D6E  A$HeroExe |    00001D6F  A$HeroExe
     00001D72  A$HeroExe |    00001D73  A$HeroExe |    00001D74  A$HeroExe
     00001D75  A$HeroExe |    00001D76  A$HeroExe |    00001D77  A$HeroExe
     00001D77  C$HeroExe |    00001D79  A$HeroExe |    00001D79  C$HeroExe
     00001D7B  A$HeroExe |    00001D7C  A$HeroExe |    00001D7D  A$HeroExe
     00001D7F  A$HeroExe |    00001D7F  C$HeroExe |    00001D82  A$HeroExe
     00001D83  A$HeroExe |    00001D86  A$HeroExe |    00001D87  A$HeroExe
     00001D8A  A$HeroExe |    00001D8C  A$HeroExe |    00001D8F  A$HeroExe
     00001D91  A$HeroExe |    00001D92  A$HeroExe |    00001D94  A$HeroExe
     00001D97  A$HeroExe |    00001D99  A$HeroExe |    00001D9A  A$HeroExe
     00001D9C  A$HeroExe |    00001D9C  C$HeroExe |    00001D9F  A$HeroExe
     00001DA1  A$HeroExe |    00001DA4  A$HeroExe |    00001DA6  A$HeroExe
     00001DA7  A$HeroExe |    00001DAA  A$HeroExe |    00001DAC  A$HeroExe
     00001DAD  A$HeroExe |    00001DB0  A$HeroExe |    00001DB2  A$HeroExe
     00001DB4  A$HeroExe |    00001DB5  A$HeroExe |    00001DB7  A$HeroExe
     00001DB8  A$HeroExe |    00001DB9  A$HeroExe |    00001DBB  A$HeroExe
     00001DBC  A$HeroExe |    00001DBC  C$HeroExe |    00001DBF  A$HeroExe
     00001DC1  A$HeroExe |    00001DC3  A$HeroExe |    00001DC5  A$HeroExe
     00001DC6  A$HeroExe |    00001DC7  A$HeroExe |    00001DC9  A$HeroExe
     00001DC9  C$HeroExe |    00001DCB  A$HeroExe |    00001DCC  A$HeroExe
     00001DCE  A$HeroExe |    00001DCF  A$HeroExe |    00001DD0  A$HeroExe
     00001DD1  A$HeroExe |    00001DD2  A$HeroExe |    00001DD4  A$HeroExe
     00001DD5  A$HeroExe |    00001DD6  A$HeroExe |    00001DD7  A$HeroExe
     00001DD8  A$HeroExe |    00001DD9  A$HeroExe |    00001DDC  A$HeroExe
     00001DDD  A$HeroExe |    00001DDE  A$HeroExe |    00001DE1  A$HeroExe
     00001DE4  A$HeroExe |    00001DE4  C$HeroExe |    00001DE6  A$HeroExe
     00001DE8  A$HeroExe |    00001DEB  A$HeroExe |    00001DEB  C$HeroExe
     00001DED  A$HeroExe |    00001DEE  A$HeroExe |    00001DF0  A$HeroExe
     00001DF1  A$HeroExe |    00001DF4  A$HeroExe |    00001DF5  A$HeroExe
     00001DF6  A$HeroExe |    00001DF8  A$HeroExe |    00001DF9  A$HeroExe
     00001DFA  A$HeroExe |    00001DFB  A$HeroExe |    00001DFE  A$HeroExe
     00001E01  A$HeroExe |    00001E04  A$HeroExe |    00001E04  C$HeroExe
     00001E07  A$HeroExe |    00001E08  A$HeroExe |    00001E0B  A$HeroExe
     00001E0B  C$HeroExe |    00001E0E  A$HeroExe |    00001E0F  A$HeroExe
     00001E11  A$HeroExe |    00001E11  C$HeroExe |    00001E14  A$HeroExe
     00001E15  A$HeroExe |    00001E18  A$HeroExe |    00001E19  A$HeroExe
     00001E1C  A$HeroExe |    00001E1E  A$HeroExe |    00001E1E  C$HeroExe
     00001E21  A$HeroExe |    00001E22  A$HeroExe |    00001E25  A$HeroExe
     00001E26  A$HeroExe |    00001E29  A$HeroExe |    00001E2B  A$HeroExe
     00001E2E  A$HeroExe |    00001E30  A$HeroExe |    00001E32  A$HeroExe
     00001E33  A$HeroExe |    00001E36  A$HeroExe |    00001E38  A$HeroExe
     00001E39  A$HeroExe |    00001E3A  A$HeroExe |    00001E3C  A$HeroExe
     00001E3D  A$HeroExe |    00001E40  A$HeroExe |    00001E41  A$HeroExe
     00001E42  A$HeroExe |    00001E43  A$HeroExe |    00001E44  A$HeroExe
     00001E45  A$HeroExe |    00001E48  A$HeroExe |    00001E4A  A$HeroExe
     00001E4C  A$HeroExe |    00001E4D  A$HeroExe |    00001E50  A$HeroExe
     00001E52  A$HeroExe |    00001E53  A$HeroExe |    00001E54  A$HeroExe
     00001E56  A$HeroExe |    00001E57  A$HeroExe |    00001E5A  A$HeroExe
ASxxxx Linker V03.00 + NoICE + sdld,  page 11.
Hexadecimal  [32-Bits]

Area                       Addr        Size        Decimal Bytes (Attributes)
--------------------       ----        ----        ------- ----- ------------
_CODE                  00000200    000036C0 =       14016. bytes (REL,CON)

        Value  Global            Value  Global            Value  Global    
        -----  ------            -----  ------            -----  ------    
     00001E5B  A$HeroExe |    00001E5C  A$HeroExe |    00001E5D  A$HeroExe
     00001E5E  A$HeroExe |    00001E5F  A$HeroExe |    00001E5F  C$HeroExe
     00001E62  A$HeroExe |    00001E62  C$HeroExe |    00001E64  A$HeroExe
     00001E65  A$HeroExe |    00001E66  A$HeroExe |    00001E68  A$HeroExe
     00001E6B  A$HeroExe |    00001E6D  A$HeroExe |    00001E6E  A$HeroExe
     00001E70  A$HeroExe |    00001E73  A$HeroExe |    00001E75  A$HeroExe
     00001E76  A$HeroExe |    00001E78  A$HeroExe |    00001E78  C$HeroExe
     00001E7B  A$HeroExe |    00001E7B  C$HeroExe |    00001E7D  A$HeroExe
     00001E7E  A$HeroExe |    00001E7F  A$HeroExe |    00001E81  A$HeroExe
     00001E81  C$HeroExe |    00001E84  A$HeroExe |    00001E85  A$HeroExe
     00001E88  A$HeroExe |    00001E89  A$HeroExe |    00001E8C  A$HeroExe
     00001E8E  A$HeroExe |    00001E91  A$HeroExe |    00001E93  A$HeroExe
     00001E95  A$HeroExe |    00001E96  A$HeroExe |    00001E99  A$HeroExe
     00001E9B  A$HeroExe |    00001E9C  A$HeroExe |    00001E9D  A$HeroExe
     00001E9F  A$HeroExe |    00001EA0  A$HeroExe |    00001EA3  A$HeroExe
     00001EA4  A$HeroExe |    00001EA5  A$HeroExe |    00001EA6  A$HeroExe
     00001EA7  A$HeroExe |    00001EA8  A$HeroExe |    00001EAB  A$HeroExe
     00001EAD  A$HeroExe |    00001EAF  A$HeroExe |    00001EB0  A$HeroExe
     00001EB3  A$HeroExe |    00001EB5  A$HeroExe |    00001EB6  A$HeroExe
     00001EB7  A$HeroExe |    00001EB8  A$HeroExe |    00001EB9  A$HeroExe
     00001EBA  A$HeroExe |    00001EBB  A$HeroExe |    00001EBE  A$HeroExe
     00001EBF  A$HeroExe |    00001EC0  A$HeroExe |    00001EC3  A$HeroExe
     00001EC4  A$HeroExe |    00001EC5  A$HeroExe |    00001EC5  C$HeroExe
     00001EC8  A$HeroExe |    00001EC8  C$HeroExe |    00001ECA  A$HeroExe
     00001ECB  A$HeroExe |    00001ECC  A$HeroExe |    00001ECE  A$HeroExe
     00001ED1  A$HeroExe |    00001ED3  A$HeroExe |    00001ED4  A$HeroExe
     00001ED6  A$HeroExe |    00001ED9  A$HeroExe |    00001EDB  A$HeroExe
     00001EDC  A$HeroExe |    00001EDE  A$HeroExe |    00001EDE  C$HeroExe
     00001EE1  A$HeroExe |    00001EE1  C$HeroExe |    00001EE3  A$HeroExe
     00001EE4  A$HeroExe |    00001EE5  A$HeroExe |    00001EE7  A$HeroExe
     00001EE7  C$HeroExe |    00001EEA  A$HeroExe |    00001EEB  A$HeroExe
     00001EEE  A$HeroExe |    00001EEF  A$HeroExe |    00001EF2  A$HeroExe
     00001EF4  A$HeroExe |    00001EF4  C$HeroExe |    00001EF7  A$HeroExe
     00001EF8  A$HeroExe |    00001EFB  A$HeroExe |    00001EFC  A$HeroExe
     00001EFF  A$HeroExe |    00001F01  A$HeroExe |    00001F04  A$HeroExe
     00001F06  A$HeroExe |    00001F08  A$HeroExe |    00001F09  A$HeroExe
     00001F0C  A$HeroExe |    00001F0E  A$HeroExe |    00001F0F  A$HeroExe
     00001F10  A$HeroExe |    00001F12  A$HeroExe |    00001F13  A$HeroExe
     00001F16  A$HeroExe |    00001F17  A$HeroExe |    00001F18  A$HeroExe
     00001F19  A$HeroExe |    00001F1A  A$HeroExe |    00001F1B  A$HeroExe
     00001F1E  A$HeroExe |    00001F20  A$HeroExe |    00001F22  A$HeroExe
     00001F23  A$HeroExe |    00001F26  A$HeroExe |    00001F28  A$HeroExe
     00001F29  A$HeroExe |    00001F2A  A$HeroExe |    00001F2C  A$HeroExe
     00001F2D  A$HeroExe |    00001F30  A$HeroExe |    00001F31  A$HeroExe
     00001F32  A$HeroExe |    00001F33  A$HeroExe |    00001F34  A$HeroExe
     00001F35  A$HeroExe |    00001F35  C$HeroExe |    00001F38  A$HeroExe
     00001F38  C$HeroExe |    00001F3A  A$HeroExe |    00001F3B  A$HeroExe
     00001F3C  A$HeroExe |    00001F3E  A$HeroExe |    00001F41  A$HeroExe
     00001F43  A$HeroExe |    00001F44  A$HeroExe |    00001F46  A$HeroExe
     00001F49  A$HeroExe |    00001F4B  A$HeroExe |    00001F4C  A$HeroExe
     00001F4E  A$HeroExe |    00001F4E  C$HeroExe |    00001F50  A$HeroExe
ASxxxx Linker V03.00 + NoICE + sdld,  page 12.
Hexadecimal  [32-Bits]

Area                       Addr        Size        Decimal Bytes (Attributes)
--------------------       ----        ----        ------- ----- ------------
_CODE                  00000200    000036C0 =       14016. bytes (REL,CON)

        Value  Global            Value  Global            Value  Global    
        -----  ------            -----  ------            -----  ------    
     00001F50  C$HeroExe |    00001F52  A$HeroExe |    00001F53  A$HeroExe
     00001F54  A$HeroExe |    00001F56  A$HeroExe |    00001F56  C$HeroExe
     00001F59  A$HeroExe |    00001F5A  A$HeroExe |    00001F5D  A$HeroExe
     00001F5E  A$HeroExe |    00001F61  A$HeroExe |    00001F63  A$HeroExe
     00001F66  A$HeroExe |    00001F68  A$HeroExe |    00001F6A  A$HeroExe
     00001F6B  A$HeroExe |    00001F6E  A$HeroExe |    00001F70  A$HeroExe
     00001F71  A$HeroExe |    00001F72  A$HeroExe |    00001F74  A$HeroExe
     00001F75  A$HeroExe |    00001F78  A$HeroExe |    00001F79  A$HeroExe
     00001F7A  A$HeroExe |    00001F7B  A$HeroExe |    00001F7C  A$HeroExe
     00001F7D  A$HeroExe |    00001F80  A$HeroExe |    00001F82  A$HeroExe
     00001F84  A$HeroExe |    00001F85  A$HeroExe |    00001F88  A$HeroExe
     00001F8A  A$HeroExe |    00001F8B  A$HeroExe |    00001F8C  A$HeroExe
     00001F8E  A$HeroExe |    00001F8F  A$HeroExe |    00001F92  A$HeroExe
     00001F93  A$HeroExe |    00001F94  A$HeroExe |    00001F95  A$HeroExe
     00001F96  A$HeroExe |    00001F97  A$HeroExe |    00001F97  C$HeroExe
     00001F99  A$HeroExe |    00001F99  C$HeroExe |    00001F9B  A$HeroExe
     00001F9C  A$HeroExe |    00001F9D  A$HeroExe |    00001F9F  A$HeroExe
     00001F9F  C$HeroExe |    00001FA2  A$HeroExe |    00001FA3  A$HeroExe
     00001FA6  A$HeroExe |    00001FA7  A$HeroExe |    00001FAA  A$HeroExe
     00001FAC  A$HeroExe |    00001FAF  A$HeroExe |    00001FB1  A$HeroExe
     00001FB2  A$HeroExe |    00001FB4  A$HeroExe |    00001FB7  A$HeroExe
     00001FB9  A$HeroExe |    00001FBA  A$HeroExe |    00001FBC  A$HeroExe
     00001FBC  C$HeroExe |    00001FBF  A$HeroExe |    00001FC1  A$HeroExe
     00001FC1  C$HeroExe |    00001FC4  A$HeroExe |    00001FC6  A$HeroExe
     00001FC9  A$HeroExe |    00001FC9  C$HeroExe |    00001FCC  A$HeroExe
     00001FCD  A$HeroExe |    00001FCE  A$HeroExe |    00001FD0  A$HeroExe
     00001FD1  A$HeroExe |    00001FD4  A$HeroExe |    00001FD5  A$HeroExe
     00001FD6  A$HeroExe |    00001FD8  A$HeroExe |    00001FD9  A$HeroExe
     00001FDA  A$HeroExe |    00001FDC  A$HeroExe |    00001FDD  A$HeroExe
     00001FDE  A$HeroExe |    00001FE0  A$HeroExe |    00001FE1  A$HeroExe
     00001FE2  A$HeroExe |    00001FE3  A$HeroExe |    00001FE4  A$HeroExe
     00001FE5  A$HeroExe |    00001FE6  A$HeroExe |    00001FE7  A$HeroExe
     00001FEA  A$HeroExe |    00001FED  A$HeroExe |    00001FED  C$HeroExe
     00001FF0  A$HeroExe |    00001FF2  A$HeroExe |    00001FF5  A$HeroExe
     00001FF5  C$HeroExe |    00001FF8  A$HeroExe |    00001FF9  A$HeroExe
     00001FFB  A$HeroExe |    00001FFB  C$HeroExe |    00001FFE  A$HeroExe
     00001FFF  A$HeroExe |    00002002  A$HeroExe |    00002003  A$HeroExe
     00002006  A$HeroExe |    00002008  A$HeroExe |    00002008  C$HeroExe
     0000200B  A$HeroExe |    0000200C  A$HeroExe |    0000200F  A$HeroExe
     00002010  A$HeroExe |    00002013  A$HeroExe |    00002015  A$HeroExe
     00002018  A$HeroExe |    0000201A  A$HeroExe |    0000201C  A$HeroExe
     0000201D  A$HeroExe |    00002020  A$HeroExe |    00002022  A$HeroExe
     00002023  A$HeroExe |    00002024  A$HeroExe |    00002026  A$HeroExe
     00002027  A$HeroExe |    0000202A  A$HeroExe |    0000202B  A$HeroExe
     0000202C  A$HeroExe |    0000202D  A$HeroExe |    0000202E  A$HeroExe
     0000202F  A$HeroExe |    00002032  A$HeroExe |    00002034  A$HeroExe
     00002036  A$HeroExe |    00002037  A$HeroExe |    0000203A  A$HeroExe
     0000203C  A$HeroExe |    0000203D  A$HeroExe |    0000203E  A$HeroExe
     00002040  A$HeroExe |    00002041  A$HeroExe |    00002044  A$HeroExe
     00002045  A$HeroExe |    00002046  A$HeroExe |    00002047  A$HeroExe
     00002048  A$HeroExe |    00002049  A$HeroExe |    00002049  C$HeroExe
ASxxxx Linker V03.00 + NoICE + sdld,  page 13.
Hexadecimal  [32-Bits]

Area                       Addr        Size        Decimal Bytes (Attributes)
--------------------       ----        ----        ------- ----- ------------
_CODE                  00000200    000036C0 =       14016. bytes (REL,CON)

        Value  Global            Value  Global            Value  Global    
        -----  ------            -----  ------            -----  ------    
     0000204C  A$HeroExe |    0000204C  C$HeroExe |    0000204E  A$HeroExe
     0000204F  A$HeroExe |    00002050  A$HeroExe |    00002052  A$HeroExe
     00002055  A$HeroExe |    00002057  A$HeroExe |    00002058  A$HeroExe
     0000205A  A$HeroExe |    0000205D  A$HeroExe |    0000205F  A$HeroExe
     00002060  A$HeroExe |    00002062  A$HeroExe |    00002062  C$HeroExe
     00002065  A$HeroExe |    00002065  C$HeroExe |    00002067  A$HeroExe
     00002068  A$HeroExe |    00002069  A$HeroExe |    0000206B  A$HeroExe
     0000206B  C$HeroExe |    0000206E  A$HeroExe |    0000206F  A$HeroExe
     00002072  A$HeroExe |    00002073  A$HeroExe |    00002076  A$HeroExe
     00002078  A$HeroExe |    0000207B  A$HeroExe |    0000207C  A$HeroExe
     0000207F  A$HeroExe |    00002081  A$HeroExe |    00002082  A$HeroExe
     00002085  A$HeroExe |    00002086  A$HeroExe |    00002087  A$HeroExe
     00002088  A$HeroExe |    0000208B  A$HeroExe |    0000208C  A$HeroExe
     0000208F  A$HeroExe |    00002091  A$HeroExe |    00002092  A$HeroExe
     00002095  A$HeroExe |    00002096  A$HeroExe |    00002097  A$HeroExe
     00002098  A$HeroExe |    00002098  C$HeroExe |    0000209B  A$HeroExe
     0000209B  C$HeroExe |    0000209D  A$HeroExe |    0000209E  A$HeroExe
     0000209F  A$HeroExe |    000020A1  A$HeroExe |    000020A4  A$HeroExe
     000020A6  A$HeroExe |    000020A7  A$HeroExe |    000020A9  A$HeroExe
     000020AC  A$HeroExe |    000020AE  A$HeroExe |    000020AF  A$HeroExe
     000020B1  A$HeroExe |    000020B1  C$HeroExe |    000020B4  A$HeroExe
     000020B4  C$HeroExe |    000020B6  A$HeroExe |    000020B7  A$HeroExe
     000020B8  A$HeroExe |    000020BA  A$HeroExe |    000020BA  C$HeroExe
     000020BD  A$HeroExe |    000020BE  A$HeroExe |    000020C1  A$HeroExe
     000020C2  A$HeroExe |    000020C5  A$HeroExe |    000020C7  A$HeroExe
     000020C7  C$HeroExe |    000020CA  A$HeroExe |    000020CB  A$HeroExe
     000020CE  A$HeroExe |    000020CF  A$HeroExe |    000020D2  A$HeroExe
     000020D4  A$HeroExe |    000020D7  A$HeroExe |    000020D9  A$HeroExe
     000020DA  A$HeroExe |    000020DD  A$HeroExe |    000020DF  A$HeroExe
     000020E0  A$HeroExe |    000020E3  A$HeroExe |    000020E4  A$HeroExe
     000020E5  A$HeroExe |    000020E6  A$HeroExe |    000020E9  A$HeroExe
     000020EB  A$HeroExe |    000020EC  A$HeroExe |    000020EF  A$HeroExe
     000020F1  A$HeroExe |    000020F2  A$HeroExe |    000020F5  A$HeroExe
     000020F6  A$HeroExe |    000020F7  A$HeroExe |    000020F8  A$HeroExe
     000020F8  C$HeroExe |    000020FA  A$HeroExe |    000020FA  C$HeroExe
     000020FC  A$HeroExe |    000020FD  A$HeroExe |    000020FE  A$HeroExe
     00002100  A$HeroExe |    00002103  A$HeroExe |    00002105  A$HeroExe
     00002106  A$HeroExe |    00002108  A$HeroExe |    0000210B  A$HeroExe
     0000210D  A$HeroExe |    0000210E  A$HeroExe |    00002110  A$HeroExe
     00002110  C$HeroExe |    00002112  A$HeroExe |    00002112  C$HeroExe
     00002114  A$HeroExe |    00002115  A$HeroExe |    00002116  A$HeroExe
     00002118  A$HeroExe |    00002118  C$HeroExe |    0000211B  A$HeroExe
     0000211C  A$HeroExe |    0000211F  A$HeroExe |    00002120  A$HeroExe
     00002123  A$HeroExe |    00002125  A$HeroExe |    00002128  A$HeroExe
     0000212A  A$HeroExe |    0000212B  A$HeroExe |    0000212E  A$HeroExe
     0000212F  A$HeroExe |    00002130  A$HeroExe |    00002131  A$HeroExe
     00002134  A$HeroExe |    00002135  A$HeroExe |    00002136  A$HeroExe
     00002137  A$HeroExe |    0000213A  A$HeroExe |    0000213C  A$HeroExe
     0000213D  A$HeroExe |    00002140  A$HeroExe |    00002142  A$HeroExe
     00002143  A$HeroExe |    00002146  A$HeroExe |    00002147  A$HeroExe
     00002148  A$HeroExe |    00002149  A$HeroExe |    00002149  C$HeroExe
ASxxxx Linker V03.00 + NoICE + sdld,  page 14.
Hexadecimal  [32-Bits]

Area                       Addr        Size        Decimal Bytes (Attributes)
--------------------       ----        ----        ------- ----- ------------
_CODE                  00000200    000036C0 =       14016. bytes (REL,CON)

        Value  Global            Value  Global            Value  Global    
        -----  ------            -----  ------            -----  ------    
     0000214B  A$HeroExe |    0000214B  C$HeroExe |    0000214D  A$HeroExe
     0000214E  A$HeroExe |    0000214F  A$HeroExe |    00002151  A$HeroExe
     00002151  C$HeroExe |    00002154  A$HeroExe |    00002155  A$HeroExe
     00002158  A$HeroExe |    00002159  A$HeroExe |    0000215C  A$HeroExe
     0000215E  A$HeroExe |    00002161  A$HeroExe |    00002163  A$HeroExe
     00002164  A$HeroExe |    00002166  A$HeroExe |    00002169  A$HeroExe
     0000216B  A$HeroExe |    0000216C  A$HeroExe |    0000216E  A$HeroExe
     0000216E  C$HeroExe |    00002171  A$HeroExe |    00002173  A$HeroExe
     00002173  C$HeroExe |    00002176  A$HeroExe |    00002177  A$HeroExe
     00002177  C$HeroExe |    0000217A  A$HeroExe |    0000217B  A$HeroExe
     0000217B  C$HeroExe |    0000217E  A$HeroExe |    00002180  A$HeroExe
     00002182  A$HeroExe |    00002183  A$HeroExe |    00002184  A$HeroExe
     00002184  C$HeroExe |    00002185  A$HeroExe |    00002187  A$HeroExe
     00002188  A$HeroExe |    00002188  C$HeroExe |    00002189  A$HeroExe
     0000218B  A$HeroExe |    0000218D  A$HeroExe |    0000218E  A$HeroExe
     0000218E  C$HeroExe |    00002191  A$HeroExe |    00002193  A$HeroExe
     00002195  A$HeroExe |    00002196  A$HeroExe |    00002197  A$HeroExe
     00002199  A$HeroExe |    00002199  C$HeroExe |    0000219A  A$HeroExe
     0000219B  A$HeroExe |    0000219E  A$HeroExe |    0000219F  A$HeroExe
     000021A0  A$HeroExe |    000021A3  A$HeroExe |    000021A4  A$HeroExe
     000021A6  A$HeroExe |    000021A7  A$HeroExe |    000021AA  A$HeroExe
     000021AD  A$HeroExe |    000021AD  C$HeroExe |    000021AF  A$HeroExe
     000021B2  A$HeroExe |    000021B2  C$HeroExe |    000021B3  A$HeroExe
     000021B5  A$HeroExe |    000021B6  A$HeroExe |    000021B7  A$HeroExe
     000021B9  A$HeroExe |    000021BA  A$HeroExe |    000021BB  A$HeroExe
     000021BC  A$HeroExe |    000021BD  A$HeroExe |    000021BE  A$HeroExe
     000021C0  A$HeroExe |    000021C1  A$HeroExe |    000021C4  A$HeroExe
     000021C7  A$HeroExe |    000021C7  C$HeroExe |    000021CA  A$HeroExe
     000021CC  A$HeroExe |    000021CF  A$HeroExe |    000021CF  C$HeroExe
     000021D2  A$HeroExe |    000021D3  A$HeroExe |    000021D5  A$HeroExe
     000021D5  C$HeroExe |    000021D8  A$HeroExe |    000021D9  A$HeroExe
     000021DC  A$HeroExe |    000021DD  A$HeroExe |    000021E0  A$HeroExe
     000021E2  A$HeroExe |    000021E2  C$HeroExe |    000021E5  A$HeroExe
     000021E6  A$HeroExe |    000021E9  A$HeroExe |    000021EA  A$HeroExe
     000021ED  A$HeroExe |    000021EF  A$HeroExe |    000021F2  A$HeroExe
     000021F4  A$HeroExe |    000021F5  A$HeroExe |    000021F8  A$HeroExe
     000021FA  A$HeroExe |    000021FB  A$HeroExe |    000021FE  A$HeroExe
     000021FF  A$HeroExe |    00002200  A$HeroExe |    00002201  A$HeroExe
     00002204  A$HeroExe |    00002206  A$HeroExe |    00002207  A$HeroExe
     0000220A  A$HeroExe |    0000220C  A$HeroExe |    0000220D  A$HeroExe
     00002210  A$HeroExe |    00002211  A$HeroExe |    00002212  A$HeroExe
     00002213  A$HeroExe |    00002213  C$HeroExe |    00002216  A$HeroExe
     00002216  C$HeroExe |    00002218  A$HeroExe |    00002219  A$HeroExe
     0000221A  A$HeroExe |    0000221C  A$HeroExe |    0000221F  A$HeroExe
     00002221  A$HeroExe |    00002222  A$HeroExe |    00002224  A$HeroExe
     00002227  A$HeroExe |    00002229  A$HeroExe |    0000222A  A$HeroExe
     0000222C  A$HeroExe |    0000222C  C$HeroExe |    0000222F  A$HeroExe
     0000222F  C$HeroExe |    00002231  A$HeroExe |    00002232  A$HeroExe
     00002233  A$HeroExe |    00002235  A$HeroExe |    00002235  C$HeroExe
     00002238  A$HeroExe |    00002239  A$HeroExe |    0000223C  A$HeroExe
     0000223D  A$HeroExe |    00002240  A$HeroExe |    00002242  A$HeroExe
ASxxxx Linker V03.00 + NoICE + sdld,  page 15.
Hexadecimal  [32-Bits]

Area                       Addr        Size        Decimal Bytes (Attributes)
--------------------       ----        ----        ------- ----- ------------
_CODE                  00000200    000036C0 =       14016. bytes (REL,CON)

        Value  Global            Value  Global            Value  Global    
        -----  ------            -----  ------            -----  ------    
     00002245  A$HeroExe |    00002247  A$HeroExe |    00002248  A$HeroExe
     0000224B  A$HeroExe |    0000224D  A$HeroExe |    0000224E  A$HeroExe
     00002251  A$HeroExe |    00002252  A$HeroExe |    00002253  A$HeroExe
     00002254  A$HeroExe |    00002257  A$HeroExe |    00002259  A$HeroExe
     0000225A  A$HeroExe |    0000225D  A$HeroExe |    0000225F  A$HeroExe
     00002260  A$HeroExe |    00002263  A$HeroExe |    00002264  A$HeroExe
     00002265  A$HeroExe |    00002266  A$HeroExe |    00002266  C$HeroExe
     00002269  A$HeroExe |    00002269  C$HeroExe |    0000226B  A$HeroExe
     0000226C  A$HeroExe |    0000226D  A$HeroExe |    0000226F  A$HeroExe
     00002272  A$HeroExe |    00002274  A$HeroExe |    00002275  A$HeroExe
     00002277  A$HeroExe |    0000227A  A$HeroExe |    0000227C  A$HeroExe
     0000227D  A$HeroExe |    0000227F  A$HeroExe |    0000227F  C$HeroExe
     00002282  A$HeroExe |    00002282  C$HeroExe |    00002284  A$HeroExe
     00002285  A$HeroExe |    00002286  A$HeroExe |    00002288  A$HeroExe
     00002288  C$HeroExe |    0000228B  A$HeroExe |    0000228C  A$HeroExe
     0000228F  A$HeroExe |    00002290  A$HeroExe |    00002293  A$HeroExe
     00002295  A$HeroExe |    00002295  C$HeroExe |    00002298  A$HeroExe
     00002299  A$HeroExe |    0000229C  A$HeroExe |    0000229D  A$HeroExe
     000022A0  A$HeroExe |    000022A2  A$HeroExe |    000022A5  A$HeroExe
     000022A7  A$HeroExe |    000022A8  A$HeroExe |    000022AB  A$HeroExe
     000022AD  A$HeroExe |    000022AE  A$HeroExe |    000022B1  A$HeroExe
     000022B2  A$HeroExe |    000022B3  A$HeroExe |    000022B4  A$HeroExe
     000022B7  A$HeroExe |    000022B9  A$HeroExe |    000022BA  A$HeroExe
     000022BD  A$HeroExe |    000022BF  A$HeroExe |    000022C0  A$HeroExe
     000022C3  A$HeroExe |    000022C4  A$HeroExe |    000022C5  A$HeroExe
     000022C6  A$HeroExe |    000022C6  C$HeroExe |    000022C8  A$HeroExe
     000022C8  C$HeroExe |    000022CA  A$HeroExe |    000022CB  A$HeroExe
     000022CC  A$HeroExe |    000022CE  A$HeroExe |    000022D1  A$HeroExe
     000022D3  A$HeroExe |    000022D4  A$HeroExe |    000022D6  A$HeroExe
     000022D9  A$HeroExe |    000022DB  A$HeroExe |    000022DC  A$HeroExe
     000022DE  A$HeroExe |    000022DE  C$HeroExe |    000022E0  A$HeroExe
     000022E0  C$HeroExe |    000022E2  A$HeroExe |    000022E3  A$HeroExe
     000022E4  A$HeroExe |    000022E6  A$HeroExe |    000022E6  C$HeroExe
     000022E9  A$HeroExe |    000022EA  A$HeroExe |    000022ED  A$HeroExe
     000022EE  A$HeroExe |    000022F1  A$HeroExe |    000022F3  A$HeroExe
     000022F6  A$HeroExe |    000022F8  A$HeroExe |    000022F9  A$HeroExe
     000022FC  A$HeroExe |    000022FE  A$HeroExe |    000022FF  A$HeroExe
     00002302  A$HeroExe |    00002303  A$HeroExe |    00002304  A$HeroExe
     00002305  A$HeroExe |    00002308  A$HeroExe |    0000230A  A$HeroExe
     0000230B  A$HeroExe |    0000230E  A$HeroExe |    00002310  A$HeroExe
     00002311  A$HeroExe |    00002314  A$HeroExe |    00002315  A$HeroExe
     00002316  A$HeroExe |    00002317  A$HeroExe |    00002317  C$HeroExe
     00002319  A$HeroExe |    00002319  C$HeroExe |    0000231B  A$HeroExe
     0000231C  A$HeroExe |    0000231D  A$HeroExe |    0000231F  A$HeroExe
     0000231F  C$HeroExe |    00002322  A$HeroExe |    00002323  A$HeroExe
     00002326  A$HeroExe |    00002327  A$HeroExe |    0000232A  A$HeroExe
     0000232C  A$HeroExe |    0000232F  A$HeroExe |    00002331  A$HeroExe
     00002332  A$HeroExe |    00002334  A$HeroExe |    00002337  A$HeroExe
     00002339  A$HeroExe |    0000233A  A$HeroExe |    0000233C  A$HeroExe
     0000233C  C$HeroExe |    0000233F  A$HeroExe |    00002341  A$HeroExe
     00002341  C$HeroExe |    00002344  A$HeroExe |    00002346  A$HeroExe
ASxxxx Linker V03.00 + NoICE + sdld,  page 16.
Hexadecimal  [32-Bits]

Area                       Addr        Size        Decimal Bytes (Attributes)
--------------------       ----        ----        ------- ----- ------------
_CODE                  00000200    000036C0 =       14016. bytes (REL,CON)

        Value  Global            Value  Global            Value  Global    
        -----  ------            -----  ------            -----  ------    
     00002348  A$HeroExe |    00002348  C$HeroExe |    0000234B  A$HeroExe
     0000234C  A$HeroExe |    0000234D  A$HeroExe |    0000234F  A$HeroExe
     00002350  A$HeroExe |    00002351  A$HeroExe |    00002353  A$HeroExe
     00002354  A$HeroExe |    00002357  A$HeroExe |    00002358  A$HeroExe
     0000235A  A$HeroExe |    0000235B  A$HeroExe |    0000235C  A$HeroExe
     0000235D  A$HeroExe |    0000235E  A$HeroExe |    0000235F  A$HeroExe
     00002360  A$HeroExe |    00002361  A$HeroExe |    00002364  A$HeroExe
     00002364  C$HeroExe |    00002367  A$HeroExe |    00002368  A$HeroExe
     00002368  C$HeroExe |    0000236B  A$HeroExe |    0000236E  A$HeroExe
     00002370  A$HeroExe |    00002370  C$HeroExe |    00002370  XG$HeroEx
     00002371  A$HeroExe |    00002371  C$HeroExe |    00002371  C$HeroExe
     00002371  G$StartBl |    00002371  _StartBli |    00002374  A$HeroExe
     00002375  A$HeroExe |    00002376  A$HeroExe |    00002377  A$HeroExe
     00002377  C$HeroExe |    00002379  A$HeroExe |    00002379  C$HeroExe
     0000237C  A$HeroExe |    0000237E  A$HeroExe |    0000237E  C$HeroExe
     00002381  A$HeroExe |    00002382  A$HeroExe |    00002385  A$HeroExe
     00002386  A$HeroExe |    00002389  A$HeroExe |    0000238B  A$HeroExe
     0000238E  A$HeroExe |    00002390  A$HeroExe |    00002390  C$HeroExe
     00002390  C$HeroExe |    00002390  XG$StartB |    00002391  A$HeroExe
     00002391  C$HeroExe |    00002391  C$HeroExe |    00002391  G$BlinkEx
     00002391  _BlinkExe |    00002394  A$HeroExe |    00002395  A$HeroExe
     00002396  A$HeroExe |    00002396  C$HeroExe |    00002399  A$HeroExe
     0000239A  A$HeroExe |    0000239B  A$HeroExe |    0000239D  A$HeroExe
     0000239E  A$HeroExe |    000023A0  A$HeroExe |    000023A2  A$HeroExe
     000023A5  A$HeroExe |    000023A7  A$HeroExe |    000023A9  A$HeroExe
     000023AC  A$HeroExe |    000023AE  A$HeroExe |    000023B0  A$HeroExe
     000023B3  A$HeroExe |    000023B5  A$HeroExe |    000023B7  A$HeroExe
     000023BA  A$HeroExe |    000023BC  A$HeroExe |    000023BE  A$HeroExe
     000023C1  A$HeroExe |    000023C3  A$HeroExe |    000023C5  A$HeroExe
     000023C8  A$HeroExe |    000023CA  A$HeroExe |    000023CD  A$HeroExe
     000023CF  A$HeroExe |    000023CF  C$HeroExe |    000023CF  C$HeroExe
     000023D2  A$HeroExe |    000023D4  A$HeroExe |    000023D6  A$HeroExe
     000023D9  A$HeroExe |    000023DB  A$HeroExe |    000023DD  A$HeroExe
     000023E0  A$HeroExe |    000023E2  A$HeroExe |    000023E4  A$HeroExe
     000023E7  A$HeroExe |    000023E9  A$HeroExe |    000023EB  A$HeroExe
     000023EE  A$HeroExe |    000023F0  A$HeroExe |    000023F2  A$HeroExe
     000023F5  A$HeroExe |    000023F7  A$HeroExe |    000023F9  A$HeroExe
     000023FC  A$HeroExe |    000023FE  A$HeroExe |    00002400  A$HeroExe
     00002403  A$HeroExe |    00002405  A$HeroExe |    00002408  A$HeroExe
     0000240A  A$HeroExe |    0000240A  C$HeroExe |    0000240D  A$HeroExe
     0000240F  A$HeroExe |    00002411  A$HeroExe |    00002411  C$HeroExe
     00002414  A$HeroExe |    00002416  A$HeroExe |    00002416  C$HeroExe
     00002419  A$HeroExe |    0000241B  A$HeroExe |    0000241B  C$HeroExe
     0000241C  A$HeroExe |    0000241C  C$HeroExe |    0000241F  A$HeroExe
     00002420  A$HeroExe |    00002421  A$HeroExe |    00002421  C$HeroExe
     00002421  XG$BlinkE |    00002422  A$EyeExec |    00002422  C$EyeExec
     00002422  C$EyeExec |    00002422  G$EyeExec |    00002422  _EyeExecI
     00002425  A$EyeExec |    00002427  A$EyeExec |    00002427  C$EyeExec
     0000242A  A$EyeExec |    0000242C  A$EyeExec |    0000242C  C$EyeExec
     0000242F  A$EyeExec |    00002431  A$EyeExec |    00002431  C$EyeExec
     00002434  A$EyeExec |    00002436  A$EyeExec |    00002436  C$EyeExec
ASxxxx Linker V03.00 + NoICE + sdld,  page 17.
Hexadecimal  [32-Bits]

Area                       Addr        Size        Decimal Bytes (Attributes)
--------------------       ----        ----        ------- ----- ------------
_CODE                  00000200    000036C0 =       14016. bytes (REL,CON)

        Value  Global            Value  Global            Value  Global    
        -----  ------            -----  ------            -----  ------    
     00002439  A$EyeExec |    0000243B  A$EyeExec |    0000243B  C$EyeExec
     0000243E  A$EyeExec |    00002440  A$EyeExec |    00002440  C$EyeExec
     00002443  A$EyeExec |    00002445  A$EyeExec |    00002445  C$EyeExec
     00002445  XG$EyeExe |    00002446  A$EyeExec |    00002446  C$EyeExec
     00002446  G$randGen |    00002446  _randGene |    00002448  A$EyeExec
     0000244A  A$EyeExec |    0000244B  A$EyeExec |    0000244B  C$EyeExec
     0000244D  A$EyeExec |    0000244E  A$EyeExec |    00002450  A$EyeExec
     00002450  C$EyeExec |    00002452  A$EyeExec |    00002453  A$EyeExec
     00002455  A$EyeExec |    00002456  A$EyeExec |    00002457  A$EyeExec
     00002458  A$EyeExec |    00002459  A$EyeExec |    0000245A  A$EyeExec
     0000245B  A$EyeExec |    0000245B  C$EyeExec |    0000245C  A$EyeExec
     0000245F  A$EyeExec |    00002460  A$EyeExec |    00002460  C$EyeExec
     00002463  A$EyeExec |    00002465  A$EyeExec |    00002466  A$EyeExec
     00002466  C$EyeExec |    00002468  A$EyeExec |    0000246A  A$EyeExec
     0000246B  A$EyeExec |    0000246D  A$EyeExec |    0000246E  A$EyeExec
     00002470  A$EyeExec |    00002470  C$EyeExec |    00002471  A$EyeExec
     00002473  A$EyeExec |    00002474  A$EyeExec |    00002475  A$EyeExec
     00002476  A$EyeExec |    00002478  A$EyeExec |    00002479  A$EyeExec
     00002479  C$EyeExec |    0000247A  A$EyeExec |    0000247C  A$EyeExec
     0000247E  A$EyeExec |    0000247E  C$EyeExec |    0000247F  A$EyeExec
     00002481  A$EyeExec |    00002483  A$EyeExec |    00002483  C$EyeExec
     00002484  A$EyeExec |    00002487  A$EyeExec |    00002487  C$EyeExec
     00002489  A$EyeExec |    0000248C  A$EyeExec |    0000248C  C$EyeExec
     0000248E  A$EyeExec |    00002490  A$EyeExec |    00002491  A$EyeExec
     00002493  A$EyeExec |    00002494  A$EyeExec |    00002496  A$EyeExec
     00002497  A$EyeExec |    00002497  C$EyeExec |    00002499  A$EyeExec
     0000249A  A$EyeExec |    0000249C  A$EyeExec |    0000249E  A$EyeExec
     0000249F  A$EyeExec |    000024A1  A$EyeExec |    000024A2  A$EyeExec
     000024A2  C$EyeExec |    000024A4  A$EyeExec |    000024A5  A$EyeExec
     000024A7  A$EyeExec |    000024A9  A$EyeExec |    000024AA  A$EyeExec
     000024AC  A$EyeExec |    000024AD  A$EyeExec |    000024AF  A$EyeExec
     000024B1  A$EyeExec |    000024B2  A$EyeExec |    000024B2  C$EyeExec
     000024B3  A$EyeExec |    000024B5  A$EyeExec |    000024B6  A$EyeExec
     000024B7  A$EyeExec |    000024B8  A$EyeExec |    000024B9  A$EyeExec
     000024BB  A$EyeExec |    000024BD  A$EyeExec |    000024BF  A$EyeExec
     000024C0  A$EyeExec |    000024C2  A$EyeExec |    000024C2  C$EyeExec
     000024C4  A$EyeExec |    000024C6  A$EyeExec |    000024C8  A$EyeExec
     000024C8  C$EyeExec |    000024C9  A$EyeExec |    000024CC  A$EyeExec
     000024CC  C$EyeExec |    000024CE  A$EyeExec |    000024D0  A$EyeExec
     000024D2  A$EyeExec |    000024D3  A$EyeExec |    000024D4  A$EyeExec
     000024D6  A$EyeExec |    000024D8  A$EyeExec |    000024D8  C$EyeExec
     000024DA  A$EyeExec |    000024DD  A$EyeExec |    000024DD  C$EyeExec
     000024DF  A$EyeExec |    000024E1  A$EyeExec |    000024E3  A$EyeExec
     000024E5  A$EyeExec |    000024E7  A$EyeExec |    000024E7  C$EyeExec
     000024E9  A$EyeExec |    000024EB  A$EyeExec |    000024EB  C$EyeExec
     000024ED  A$EyeExec |    000024EF  A$EyeExec |    000024EF  C$EyeExec
     000024F1  A$EyeExec |    000024F3  A$EyeExec |    000024F4  A$EyeExec
     000024F6  A$EyeExec |    000024F6  C$EyeExec |    000024F7  A$EyeExec
     000024F9  A$EyeExec |    000024F9  C$EyeExec |    000024FB  A$EyeExec
     000024FC  A$EyeExec |    000024FE  A$EyeExec |    00002500  A$EyeExec
     00002502  A$EyeExec |    00002504  A$EyeExec |    00002506  A$EyeExec
ASxxxx Linker V03.00 + NoICE + sdld,  page 18.
Hexadecimal  [32-Bits]

Area                       Addr        Size        Decimal Bytes (Attributes)
--------------------       ----        ----        ------- ----- ------------
_CODE                  00000200    000036C0 =       14016. bytes (REL,CON)

        Value  Global            Value  Global            Value  Global    
        -----  ------            -----  ------            -----  ------    
     00002506  C$EyeExec |    00002508  A$EyeExec |    0000250A  A$EyeExec
     0000250A  C$EyeExec |    0000250C  A$EyeExec |    0000250E  A$EyeExec
     00002510  A$EyeExec |    00002512  A$EyeExec |    00002514  A$EyeExec
     00002515  A$EyeExec |    00002517  A$EyeExec |    00002517  C$EyeExec
     00002519  A$EyeExec |    0000251B  A$EyeExec |    0000251B  C$EyeExec
     0000251D  A$EyeExec |    0000251E  A$EyeExec |    00002520  A$EyeExec
     00002522  A$EyeExec |    00002523  A$EyeExec |    00002524  A$EyeExec
     00002526  A$EyeExec |    00002528  A$EyeExec |    00002528  C$EyeExec
     0000252A  A$EyeExec |    0000252C  A$EyeExec |    0000252C  C$EyeExec
     0000252E  A$EyeExec |    00002530  A$EyeExec |    00002532  A$EyeExec
     00002534  A$EyeExec |    00002536  A$EyeExec |    00002537  A$EyeExec
     00002539  A$EyeExec |    00002539  C$EyeExec |    0000253B  A$EyeExec
     0000253D  A$EyeExec |    0000253D  C$EyeExec |    0000253F  A$EyeExec
     00002540  A$EyeExec |    00002542  A$EyeExec |    00002544  A$EyeExec
     00002546  A$EyeExec |    00002548  A$EyeExec |    00002548  C$EyeExec
     0000254A  A$EyeExec |    0000254C  A$EyeExec |    0000254C  C$EyeExec
     0000254E  A$EyeExec |    0000254F  A$EyeExec |    00002551  A$EyeExec
     00002553  A$EyeExec |    00002555  A$EyeExec |    00002556  A$EyeExec
     00002558  A$EyeExec |    00002558  C$EyeExec |    0000255A  A$EyeExec
     0000255C  A$EyeExec |    0000255C  C$EyeExec |    0000255E  A$EyeExec
     00002560  A$EyeExec |    00002560  C$EyeExec |    00002560  XG$randGe
     00002561  A$EyeExec |    00002561  C$EyeExec |    00002561  G$EyeInit
     00002561  _EyeInit  |    00002563  A$EyeExec |    00002565  A$EyeExec
     00002566  A$EyeExec |    00002567  A$EyeExec |    00002568  A$EyeExec
     0000256A  A$EyeExec |    0000256B  A$EyeExec |    0000256C  A$EyeExec
     0000256D  A$EyeExec |    0000256D  C$EyeExec |    00002570  A$EyeExec
     00002571  A$EyeExec |    00002573  A$EyeExec |    00002574  A$EyeExec
     00002575  A$EyeExec |    00002577  A$EyeExec |    00002578  A$EyeExec
     00002579  A$EyeExec |    0000257A  A$EyeExec |    0000257D  A$EyeExec
     0000257F  A$EyeExec |    0000257F  C$EyeExec |    00002582  A$EyeExec
     00002584  A$EyeExec |    00002585  A$EyeExec |    00002587  A$EyeExec
     00002588  A$EyeExec |    0000258A  A$EyeExec |    0000258B  A$EyeExec
     0000258C  A$EyeExec |    0000258D  A$EyeExec |    0000258E  A$EyeExec
     00002591  A$EyeExec |    00002593  A$EyeExec |    00002595  A$EyeExec
     00002596  A$EyeExec |    00002598  A$EyeExec |    00002599  A$EyeExec
     0000259B  A$EyeExec |    0000259C  A$EyeExec |    0000259E  A$EyeExec
     0000259F  A$EyeExec |    000025A0  A$EyeExec |    000025A2  A$EyeExec
     000025A3  A$EyeExec |    000025A4  A$EyeExec |    000025A5  A$EyeExec
     000025A6  A$EyeExec |    000025A8  A$EyeExec |    000025A9  A$EyeExec
     000025AB  A$EyeExec |    000025AC  A$EyeExec |    000025AE  A$EyeExec
     000025AF  A$EyeExec |    000025B1  A$EyeExec |    000025B3  A$EyeExec
     000025B5  A$EyeExec |    000025B6  A$EyeExec |    000025B8  A$EyeExec
     000025B9  A$EyeExec |    000025BB  A$EyeExec |    000025BE  A$EyeExec
     000025BF  A$EyeExec |    000025C0  A$EyeExec |    000025C1  A$EyeExec
     000025C2  A$EyeExec |    000025C3  A$EyeExec |    000025C5  A$EyeExec
     000025C6  A$EyeExec |    000025C7  A$EyeExec |    000025C8  A$EyeExec
     000025CA  A$EyeExec |    000025CB  A$EyeExec |    000025CC  A$EyeExec
     000025CD  A$EyeExec |    000025CE  A$EyeExec |    000025CF  A$EyeExec
     000025D0  A$EyeExec |    000025D1  A$EyeExec |    000025D2  A$EyeExec
     000025D3  A$EyeExec |    000025D4  A$EyeExec |    000025D6  A$EyeExec
     000025D7  A$EyeExec |    000025D8  A$EyeExec |    000025DA  A$EyeExec
ASxxxx Linker V03.00 + NoICE + sdld,  page 19.
Hexadecimal  [32-Bits]

Area                       Addr        Size        Decimal Bytes (Attributes)
--------------------       ----        ----        ------- ----- ------------
_CODE                  00000200    000036C0 =       14016. bytes (REL,CON)

        Value  Global            Value  Global            Value  Global    
        -----  ------            -----  ------            -----  ------    
     000025DC  A$EyeExec |    000025DD  A$EyeExec |    000025DF  A$EyeExec
     000025E0  A$EyeExec |    000025E2  A$EyeExec |    000025E3  A$EyeExec
     000025E4  A$EyeExec |    000025E5  A$EyeExec |    000025E6  A$EyeExec
     000025E7  A$EyeExec |    000025E9  A$EyeExec |    000025EA  A$EyeExec
     000025EB  A$EyeExec |    000025EC  A$EyeExec |    000025EE  A$EyeExec
     000025F0  A$EyeExec |    000025F2  A$EyeExec |    000025F4  A$EyeExec
     000025F5  A$EyeExec |    000025F7  A$EyeExec |    000025F8  A$EyeExec
     000025FA  A$EyeExec |    000025FB  A$EyeExec |    000025FC  A$EyeExec
     000025FD  A$EyeExec |    000025FE  A$EyeExec |    00002601  A$EyeExec
     00002602  A$EyeExec |    00002603  A$EyeExec |    00002604  A$EyeExec
     00002606  A$EyeExec |    00002607  A$EyeExec |    00002608  A$EyeExec
     00002609  A$EyeExec |    0000260B  A$EyeExec |    0000260C  A$EyeExec
     0000260D  A$EyeExec |    0000260E  A$EyeExec |    0000260F  A$EyeExec
     00002612  A$EyeExec |    00002613  A$EyeExec |    00002614  A$EyeExec
     00002615  A$EyeExec |    00002617  A$EyeExec |    00002618  A$EyeExec
     00002619  A$EyeExec |    0000261A  A$EyeExec |    0000261C  A$EyeExec
     0000261D  A$EyeExec |    0000261E  A$EyeExec |    0000261F  A$EyeExec
     00002620  A$EyeExec |    00002622  A$EyeExec |    00002623  A$EyeExec
     00002624  A$EyeExec |    00002626  A$EyeExec |    00002627  A$EyeExec
     00002629  A$EyeExec |    0000262B  A$EyeExec |    0000262C  A$EyeExec
     0000262D  A$EyeExec |    0000262E  A$EyeExec |    00002630  A$EyeExec
     00002632  A$EyeExec |    00002633  A$EyeExec |    00002634  A$EyeExec
     00002636  A$EyeExec |    00002637  A$EyeExec |    00002638  A$EyeExec
     00002639  A$EyeExec |    0000263B  A$EyeExec |    0000263D  A$EyeExec
     0000263F  A$EyeExec |    00002641  A$EyeExec |    00002642  A$EyeExec
     00002644  A$EyeExec |    00002645  A$EyeExec |    00002647  A$EyeExec
     00002648  A$EyeExec |    00002649  A$EyeExec |    0000264A  A$EyeExec
     0000264B  A$EyeExec |    0000264E  A$EyeExec |    0000264F  A$EyeExec
     00002650  A$EyeExec |    00002651  A$EyeExec |    00002653  A$EyeExec
     00002654  A$EyeExec |    00002655  A$EyeExec |    00002656  A$EyeExec
     00002658  A$EyeExec |    00002659  A$EyeExec |    0000265A  A$EyeExec
     0000265B  A$EyeExec |    0000265C  A$EyeExec |    0000265F  A$EyeExec
     00002660  A$EyeExec |    00002661  A$EyeExec |    00002662  A$EyeExec
     00002664  A$EyeExec |    00002665  A$EyeExec |    00002666  A$EyeExec
     00002667  A$EyeExec |    00002669  A$EyeExec |    0000266A  A$EyeExec
     0000266B  A$EyeExec |    0000266C  A$EyeExec |    0000266D  A$EyeExec
     0000266F  A$EyeExec |    00002670  A$EyeExec |    00002671  A$EyeExec
     00002673  A$EyeExec |    00002674  A$EyeExec |    00002676  A$EyeExec
     00002678  A$EyeExec |    00002679  A$EyeExec |    0000267B  A$EyeExec
     0000267C  A$EyeExec |    0000267E  A$EyeExec |    00002680  A$EyeExec
     00002681  A$EyeExec |    00002682  A$EyeExec |    00002683  A$EyeExec
     00002684  A$EyeExec |    00002685  A$EyeExec |    00002686  A$EyeExec
     00002688  A$EyeExec |    0000268A  A$EyeExec |    0000268C  A$EyeExec
     0000268E  A$EyeExec |    0000268F  A$EyeExec |    00002691  A$EyeExec
     00002692  A$EyeExec |    00002694  A$EyeExec |    00002695  A$EyeExec
     00002696  A$EyeExec |    00002697  A$EyeExec |    00002698  A$EyeExec
     0000269B  A$EyeExec |    0000269C  A$EyeExec |    0000269D  A$EyeExec
     0000269E  A$EyeExec |    000026A0  A$EyeExec |    000026A1  A$EyeExec
     000026A2  A$EyeExec |    000026A3  A$EyeExec |    000026A5  A$EyeExec
     000026A6  A$EyeExec |    000026A7  A$EyeExec |    000026A8  A$EyeExec
     000026A9  A$EyeExec |    000026AC  A$EyeExec |    000026AD  A$EyeExec
ASxxxx Linker V03.00 + NoICE + sdld,  page 20.
Hexadecimal  [32-Bits]

Area                       Addr        Size        Decimal Bytes (Attributes)
--------------------       ----        ----        ------- ----- ------------
_CODE                  00000200    000036C0 =       14016. bytes (REL,CON)

        Value  Global            Value  Global            Value  Global    
        -----  ------            -----  ------            -----  ------    
     000026AE  A$EyeExec |    000026AF  A$EyeExec |    000026B1  A$EyeExec
     000026B2  A$EyeExec |    000026B3  A$EyeExec |    000026B4  A$EyeExec
     000026B6  A$EyeExec |    000026B7  A$EyeExec |    000026B8  A$EyeExec
     000026B9  A$EyeExec |    000026BA  A$EyeExec |    000026BB  A$EyeExec
     000026BC  A$EyeExec |    000026BD  A$EyeExec |    000026C0  A$EyeExec
     000026C1  A$EyeExec |    000026C2  A$EyeExec |    000026C3  A$EyeExec
     000026C4  A$EyeExec |    000026C5  A$EyeExec |    000026C6  A$EyeExec
     000026C8  A$EyeExec |    000026CA  A$EyeExec |    000026CB  A$EyeExec
     000026CD  A$EyeExec |    000026CE  A$EyeExec |    000026CF  A$EyeExec
     000026D1  A$EyeExec |    000026D3  A$EyeExec |    000026D5  A$EyeExec
     000026D7  A$EyeExec |    000026D8  A$EyeExec |    000026DA  A$EyeExec
     000026DB  A$EyeExec |    000026DD  A$EyeExec |    000026DE  A$EyeExec
     000026DF  A$EyeExec |    000026E0  A$EyeExec |    000026E1  A$EyeExec
     000026E4  A$EyeExec |    000026E5  A$EyeExec |    000026E6  A$EyeExec
     000026E7  A$EyeExec |    000026E9  A$EyeExec |    000026EA  A$EyeExec
     000026EB  A$EyeExec |    000026EC  A$EyeExec |    000026EE  A$EyeExec
     000026EF  A$EyeExec |    000026F0  A$EyeExec |    000026F1  A$EyeExec
     000026F2  A$EyeExec |    000026F5  A$EyeExec |    000026F6  A$EyeExec
     000026F7  A$EyeExec |    000026F8  A$EyeExec |    000026FA  A$EyeExec
     000026FB  A$EyeExec |    000026FC  A$EyeExec |    000026FD  A$EyeExec
     000026FF  A$EyeExec |    00002700  A$EyeExec |    00002701  A$EyeExec
     00002702  A$EyeExec |    00002703  A$EyeExec |    00002705  A$EyeExec
     00002707  A$EyeExec |    00002708  A$EyeExec |    00002709  A$EyeExec
     0000270A  A$EyeExec |    0000270C  A$EyeExec |    0000270E  A$EyeExec
     00002710  A$EyeExec |    00002712  A$EyeExec |    00002713  A$EyeExec
     00002715  A$EyeExec |    00002716  A$EyeExec |    00002718  A$EyeExec
     00002719  A$EyeExec |    0000271A  A$EyeExec |    0000271B  A$EyeExec
     0000271C  A$EyeExec |    0000271F  A$EyeExec |    00002720  A$EyeExec
[...]
     00003774  A$EyeExec |    00003775  A$EyeExec |    00003775  C$EyeExec
     00003777  A$EyeExec |    00003777  C$EyeExec |    0000377A  A$EyeExec
     0000377C  A$EyeExec |    0000377C  C$EyeExec |    0000377F  A$EyeExec
     00003781  A$EyeExec |    00003781  C$EyeExec |    00003782  A$EyeExec
     00003783  A$EyeExec |    00003784  A$doukuts |    00003784  C$doukuts
     00003784  C$doukuts |    00003784  G$doukuts |    00003784  _doukutsu
     00003786  A$doukuts |    00003788  A$doukuts |    0000378A  A$doukuts
     0000378A  C$doukuts |    0000378D  A$doukuts |    0000378E  A$doukuts
     00003791  A$doukuts |    00003792  A$doukuts |    00003795  A$doukuts
     00003797  A$doukuts |    00003797  C$doukuts |    0000379A  A$doukuts
     0000379B  A$doukuts |    0000379E  A$doukuts |    0000379F  A$doukuts
     000037A2  A$doukuts |    000037A4  A$doukuts |    000037A4  C$doukuts
     000037A6  A$doukuts |    000037A8  A$doukuts |    000037A8  C$doukuts
     000037AB  A$doukuts |    000037AC  A$doukuts |    000037AF  A$doukuts
     000037B0  A$doukuts |    000037B1  A$doukuts |    000037B2  A$doukuts
     000037B3  A$doukuts |    000037B6  A$doukuts |    000037B8  A$doukuts
     000037B8  C$doukuts |    000037B9  A$doukuts |    000037BB  A$doukuts
     000037BB  C$doukuts |    000037BE  A$doukuts |    000037BF  A$doukuts
     000037C2  A$doukuts |    000037C3  A$doukuts |    000037C4  A$doukuts
     000037C5  A$doukuts |    000037C6  A$doukuts |    000037C9  A$doukuts
     000037CB  A$doukuts |    000037CB  C$doukuts |    000037CD  A$doukuts
     000037CF  A$doukuts |    000037D1  A$doukuts |    000037D1  C$doukuts
ASxxxx Linker V03.00 + NoICE + sdld,  page 42.
Hexadecimal  [32-Bits]

Area                       Addr        Size        Decimal Bytes (Attributes)
--------------------       ----        ----        ------- ----- ------------
_CODE                  00000200    000036C0 =       14016. bytes (REL,CON)

        Value  Global            Value  Global            Value  Global    
        -----  ------            -----  ------            -----  ------    
     000037D1  XG$doukut |    000037D2  G$doukuts |    000037D2  _doukutsu
     00003812  A$main$62 |    00003812  C$main.c$ |    00003812  G$main$0$
     00003812  _main     |    00003813  A$main$63 |    00003814  A$main$67
     00003814  C$main.c$ |    00003816  A$main$68 |    00003818  A$main$69
     0000381A  A$main$73 |    0000381A  C$main.c$ |    0000381C  A$main$74
     0000381E  A$main$75 |    00003820  A$main$79 |    00003820  C$main.c$
     00003823  A$main$83 |    00003823  C$main.c$ |    00003826  A$main$87
     00003826  C$main.c$ |    00003829  A$main$91 |    00003829  C$main.c$
     0000382B  A$main$92 |    0000382D  A$main$93 |    0000382F  A$main$97
     0000382F  C$main.c$ |    00003831  A$main$98 |    00003833  A$main$99
     00003835  A$main$10 |    00003835  C$main.c$ |    00003835  C$main.c$
     00003838  A$main$11 |    00003838  C$main.c$ |    0000383B  A$main$11
     0000383C  A$main$11 |    0000383F  A$main$11 |    00003841  A$main$11
     00003842  A$main$12 |    00003843  A$main$12 |    00003844  A$main$12
     00003847  A$main$12 |    00003848  A$main$12 |    0000384B  A$main$12
     0000384C  A$main$12 |    0000384D  A$main$12 |    0000384E  A$main$12
     00003850  A$main$12 |    00003851  A$main$13 |    00003852  A$main$13
     00003853  A$main$13 |    00003854  A$main$13 |    00003857  A$main$14
     00003857  C$main.c$ |    0000385A  A$main$14 |    0000385B  A$main$14
     0000385E  A$main$14 |    0000385F  A$main$14 |    00003860  A$main$14
     00003861  A$main$14 |    00003864  A$main$15 |    00003864  C$main.c$
     00003865  A$main$15 |    00003867  A$main$15 |    00003867  C$main.c$
     0000386A  A$main$16 |    0000386A  C$main.c$ |    0000386D  A$main$16
     0000386D  C$main.c$ |    00003870  A$main$16 |    00003872  A$main$17
     00003873  A$main$17 |    00003874  A$main$17 |    00003874  C$main.c$
     00003874  XG$main$0 |    00003875  _set_spri |    0000387A  _set_bkg_
     0000387D  .set_pale |    0000389C  _set_spri |    000038A1  _set_bkg_
     000038A4  .set_pale
ASxxxx Linker V03.00 + NoICE + sdld,  page 43.
Hexadecimal  [32-Bits]

Area                       Addr        Size        Decimal Bytes (Attributes)
--------------------       ----        ----        ------- ----- ------------
_HEADER0               00000000    00000001 =           1. bytes (ABS,CON)

        Value  Global            Value  Global            Value  Global    
        -----  ------            -----  ------            -----  ------    
     00000020  .call_hl 
ASxxxx Linker V03.00 + NoICE + sdld,  page 44.
Hexadecimal  [32-Bits]

Area                       Addr        Size        Decimal Bytes (Attributes)
--------------------       ----        ----        ------- ----- ------------
_HEADER1               00000000    00000005 =           5. bytes (ABS,CON)

        Value  Global            Value  Global            Value  Global    
        -----  ------            -----  ------            -----  ------    
     00000028  .MemsetSm
ASxxxx Linker V03.00 + NoICE + sdld,  page 45.
Hexadecimal  [32-Bits]

Area                       Addr        Size        Decimal Bytes (Attributes)
--------------------       ----        ----        ------- ----- ------------
_HEADER2               00000000    00000007 =           7. bytes (ABS,CON)

        Value  Global            Value  Global            Value  Global    
        -----  ------            -----  ------            -----  ------    
     00000030  .MemcpySm
ASxxxx Linker V03.00 + NoICE + sdld,  page 46.
Hexadecimal  [32-Bits]

Area                       Addr        Size        Decimal Bytes (Attributes)
--------------------       ----        ----        ------- ----- ------------
_HEADER3               00000000    00000008 =           8. bytes (ABS,CON)

        Value  Global            Value  Global            Value  Global    
        -----  ------            -----  ------            -----  ------    
ASxxxx Linker V03.00 + NoICE + sdld,  page 47.
Hexadecimal  [32-Bits]

Area                       Addr        Size        Decimal Bytes (Attributes)
--------------------       ----        ----        ------- ----- ------------
_HEADER4               00000000    0000004C =          76. bytes (ABS,CON)

        Value  Global            Value  Global            Value  Global    
        -----  ------            -----  ------            -----  ------    
     00000080  .int      |    0000008F  _wait_int |    0000009C  __standar
     000000AC  _refresh_
ASxxxx Linker V03.00 + NoICE + sdld,  page 48.
Hexadecimal  [32-Bits]

Area                       Addr        Size        Decimal Bytes (Attributes)
--------------------       ----        ----        ------- ----- ------------
_HEADER5               00000000    00000002 =           2. bytes (ABS,CON)

        Value  Global            Value  Global            Value  Global    
        -----  ------            -----  ------            -----  ------    
ASxxxx Linker V03.00 + NoICE + sdld,  page 49.
Hexadecimal  [32-Bits]

Area                       Addr        Size        Decimal Bytes (Attributes)
--------------------       ----        ----        ------- ----- ------------
_HEADER6               00000000    00000030 =          48. bytes (ABS,CON)

        Value  Global            Value  Global            Value  Global    
        -----  ------            -----  ------            -----  ------    
ASxxxx Linker V03.00 + NoICE + sdld,  page 50.
Hexadecimal  [32-Bits]

Area                       Addr        Size        Decimal Bytes (Attributes)
--------------------       ----        ----        ------- ----- ------------
_HEADER7               00000000    00000006 =           6. bytes (ABS,CON)

        Value  Global            Value  Global            Value  Global    
        -----  ------            -----  ------            -----  ------    
ASxxxx Linker V03.00 + NoICE + sdld,  page 51.
Hexadecimal  [32-Bits]

Area                       Addr        Size        Decimal Bytes (Attributes)
--------------------       ----        ----        ------- ----- ------------
_HEADER8               00000000    00000003 =           3. bytes (ABS,CON)

        Value  Global            Value  Global            Value  Global    
        -----  ------            -----  ------            -----  ------    
ASxxxx Linker V03.00 + NoICE + sdld,  page 52.
Hexadecimal  [32-Bits]

Area                       Addr        Size        Decimal Bytes (Attributes)
--------------------       ----        ----        ------- ----- ------------
_HEADER9               00000000    00000001 =           1. bytes (ABS,CON)

        Value  Global            Value  Global            Value  Global    
        -----  ------            -----  ------            -----  ------    
ASxxxx Linker V03.00 + NoICE + sdld,  page 53.
Hexadecimal  [32-Bits]

Area                       Addr        Size        Decimal Bytes (Attributes)
--------------------       ----        ----        ------- ----- ------------
_HEADERa               00000000    00000001 =           1. bytes (ABS,CON)

        Value  Global            Value  Global            Value  Global    
        -----  ------            -----  ------            -----  ------    
ASxxxx Linker V03.00 + NoICE + sdld,  page 54.
Hexadecimal  [32-Bits]

Area                       Addr        Size        Decimal Bytes (Attributes)
--------------------       ----        ----        ------- ----- ------------
_HEADERb               00000000    00000001 =           1. bytes (ABS,CON)

        Value  Global            Value  Global            Value  Global    
        -----  ------            -----  ------            -----  ------    
ASxxxx Linker V03.00 + NoICE + sdld,  page 55.
Hexadecimal  [32-Bits]

Area                       Addr        Size        Decimal Bytes (Attributes)
--------------------       ----        ----        ------- ----- ------------
_HEADERc               00000000    00000002 =           2. bytes (ABS,CON)

        Value  Global            Value  Global            Value  Global    
        -----  ------            -----  ------            -----  ------    
ASxxxx Linker V03.00 + NoICE + sdld,  page 56.
Hexadecimal  [32-Bits]

Area                       Addr        Size        Decimal Bytes (Attributes)
--------------------       ----        ----        ------- ----- ------------
_HEADERd               00000000    00000001 =           1. bytes (ABS,CON)

        Value  Global            Value  Global            Value  Global    
        -----  ------            -----  ------            -----  ------    
ASxxxx Linker V03.00 + NoICE + sdld,  page 57.
Hexadecimal  [32-Bits]

Area                       Addr        Size        Decimal Bytes (Attributes)
--------------------       ----        ----        ------- ----- ------------
_HEADERe               00000000    00000001 =           1. bytes (ABS,CON)

        Value  Global            Value  Global            Value  Global    
        -----  ------            -----  ------            -----  ------    
ASxxxx Linker V03.00 + NoICE + sdld,  page 58.
Hexadecimal  [32-Bits]

Area                       Addr        Size        Decimal Bytes (Attributes)
--------------------       ----        ----        ------- ----- ------------
_HEADERf               00000000    00000002 =           2. bytes (ABS,CON)

        Value  Global            Value  Global            Value  Global    
        -----  ------            -----  ------            -----  ------    
ASxxxx Linker V03.00 + NoICE + sdld,  page 59.
Hexadecimal  [32-Bits]

Area                       Addr        Size        Decimal Bytes (Attributes)
--------------------       ----        ----        ------- ----- ------------
_HEADER10              00000000    00000084 =         132. bytes (ABS,CON)

        Value  Global            Value  Global            Value  Global    
        -----  ------            -----  ------            -----  ------    
     00000150  .reset    |    00000150  _reset    |    00000157  .code_sta
     000001B9  _exit     |    000001BD  _set_inte
ASxxxx Linker V03.00 + NoICE + sdld,  page 60.
Hexadecimal  [32-Bits]

Area                       Addr        Size        Decimal Bytes (Attributes)
--------------------       ----        ----        ------- ----- ------------
_HEADER11              00000000    00000001 =           1. bytes (ABS,CON)

        Value  Global            Value  Global            Value  Global    
        -----  ------            -----  ------            -----  ------    
ASxxxx Linker V03.00 + NoICE + sdld,  page 61.
Hexadecimal  [32-Bits]

Area                       Addr        Size        Decimal Bytes (Attributes)
--------------------       ----        ----        ------- ----- ------------
_HOME                  000038C0    000001B3 =         435. bytes (REL,CON)

        Value  Global            Value  Global            Value  Global    
        -----  ------            -----  ------            -----  ------    
     000038C0  .memset_s |    000038C9  .memcpy_s |    000038E6  .remove_V
     000038E9  .remove_i |    00003906  .add_VBL  |    00003909  .add_int 
     00003914  .wait_vbl |    00003914  _wait_vbl |    00003924  .display_
     00003924  _display_ |    0000393C  _remove_V |    00003947  _add_VBL 
     00003952  _rand     |    00003952  _randw    |    0000397D  _initrand
     0000397F  .initrand |    00003988  _set_tile |    0000398D  _set_bkg_
     0000398D  _set_win_ |    00003995  _set_spri |    000039C5  .padup   
     000039C5  _waitpadu |    000039D5  .jpad     |    000039D5  _joypad  
     000039FD  _waitpad  |    000039FE  .wait_pad |    00003A05  _set_bkg_
     00003A19  .set_xy_w |    00003A22  .set_xy_b |    00003A31  .set_xy_t
ASxxxx Linker V03.00 + NoICE + sdld,  page 62.
Hexadecimal  [32-Bits]

Area                       Addr        Size        Decimal Bytes (Attributes)
--------------------       ----        ----        ------- ----- ------------
_INITIALIZER           00003A73    00000001 =           1. bytes (REL,CON)

        Value  Global            Value  Global            Value  Global    
        -----  ------            -----  ------            -----  ------    
ASxxxx Linker V03.00 + NoICE + sdld,  page 63.
Hexadecimal  [32-Bits]

Area                       Addr        Size        Decimal Bytes (Attributes)
--------------------       ----        ----        ------- ----- ------------
_GSINIT                00003A74    0000000C =          12. bytes (REL,CON)

        Value  Global            Value  Global            Value  Global    
        -----  ------            -----  ------            -----  ------    
     00003A74  gsinit   
ASxxxx Linker V03.00 + NoICE + sdld,  page 64.
Hexadecimal  [32-Bits]

Area                       Addr        Size        Decimal Bytes (Attributes)
--------------------       ----        ----        ------- ----- ------------
_GSFINAL               00003A80    00000001 =           1. bytes (REL,CON)

        Value  Global            Value  Global            Value  Global    
        -----  ------            -----  ------            -----  ------    
ASxxxx Linker V03.00 + NoICE + sdld,  page 65.
Hexadecimal  [32-Bits]

Area                       Addr        Size        Decimal Bytes (Attributes)
--------------------       ----        ----        ------- ----- ------------
_DATA                  0000C0A0    0000002C =          44. bytes (REL,CON)

        Value  Global            Value  Global            Value  Global    
        -----  ------            -----  ------            -----  ------    
     0000C0A0  __cpu     |    0000C0A1  __is_GBA  |    0000C0A2  .mode    
     0000C0A3  .sys_time |    0000C0A3  _sys_time |    0000C0A5  .int_0x40
     0000C0B1  G$joypadP |    0000C0B1  _joypadPr |    0000C0B2  G$spriteX
     0000C0B2  _spriteX  |    0000C0B3  G$spriteY |    0000C0B3  _spriteY 
     0000C0B4  G$bkgX$0_ |    0000C0B4  _bkgX     |    0000C0B5  G$bkgY$0_
     0000C0B5  _bkgY     |    0000C0B6  G$velocit |    0000C0B6  _velocity
     0000C0B7  G$velocit |    0000C0B7  _velocity |    0000C0B8  G$actionC
     0000C0B8  _actionCn |    0000C0B9  G$blinkCn |    0000C0B9  _blinkCnt
     0000C0BA  G$swordCn |    0000C0BA  _swordCnt |    0000C0BB  G$heroAct
     0000C0BB  _heroActi |    0000C0BC  G$directi |    0000C0BC  _directio
     0000C0BD  G$swordAc |    0000C0BD  _swordAct |    0000C0BE  G$blinkFl
     0000C0BE  _blinkFla |    0000C0BF  G$eye1X$0 |    0000C0BF  _eye1X   
     0000C0C0  G$eye1Y$0 |    0000C0C0  _eye1Y    |    0000C0C1  G$eye2X$0
     0000C0C1  _eye2X    |    0000C0C2  G$eye2Y$0 |    0000C0C2  _eye2Y   
     0000C0C3  G$eye1Mod |    0000C0C3  _eye1Mode |    0000C0C4  G$eye2Mod
     0000C0C4  _eye2Mode |    0000C0C5  G$eye1Fla |    0000C0C5  _eye1Flag
     0000C0C6  G$eye2Fla |    0000C0C6  _eye2Flag |    0000C0C7  G$eye1Cnt
     0000C0C7  _eye1Cnt  |    0000C0C8  G$eye2Cnt |    0000C0C8  _eye2Cnt 
     0000C0C9  G$adjustC |    0000C0C9  _adjustCn |    0000C0CA  ___rand_s
ASxxxx Linker V03.00 + NoICE + sdld,  page 66.
Hexadecimal  [32-Bits]

Area                       Addr        Size        Decimal Bytes (Attributes)
--------------------       ----        ----        ------- ----- ------------
_INITIALIZED           0000C0CC    00000001 =           1. bytes (REL,CON)

        Value  Global            Value  Global            Value  Global    
        -----  ------            -----  ------            -----  ------    
     0000C0CC  __map_til
ASxxxx Linker V03.00 + NoICE + sdld,  page 67.
Hexadecimal  [32-Bits]

Area                       Addr        Size        Decimal Bytes (Attributes)
--------------------       ----        ----        ------- ----- ------------
_HRAM12                00000000    00000003 =           3. bytes (ABS,CON)

        Value  Global            Value  Global            Value  Global    
        -----  ------            -----  ------            -----  ------    
     0000FF90  __current |    0000FF92  __shadow_
ASxxxx Linker V03.00 + NoICE + sdld,  page 68.

Files Linked                              [ module(s) ]

C:\Users\sva13\OneDrive\ドキュメント\会社\課題\gbdk\Resources\gbdk\lib/gb/crt0.o
                                          [ Runtime ]
bin/Debug/Hero.o                          [ Hero ]
bin/Debug/Eye.o                           [ Eye ]
bin/Debug/doukutsu.o                      [ doukutsu ]
bin/Debug/HeroExec.o                      [ HeroExec ]
bin/Debug/EyeExec.o                       [ EyeExec ]
bin/Debug/doukutsuExec.o                  [ doukutsuExec ]
bin/Debug/main.o                          [ main ]
bin/Debug/Common.o                        [ Common ]


Libraries Linked                          [ object file ]

C:\Users\sva13\OneDrive\ドキュメント\会社\課題\gbdk\Resources\gbdk\lib/gb/gb.lib
                                          [ sfr.o ]
C:\Users\sva13\OneDrive\ドキュメント\会社\課題\gbdk\Resources\gbdk\lib/sm83/sm83.lib
                                          [ rand.o ]
C:\Users\sva13\OneDrive\ドキュメント\会社\課題\gbdk\Resources\gbdk\lib/gb/gb.lib
                                          [ cgb_palettes.o ]
C:\Users\sva13\OneDrive\ドキュメント\会社\課題\gbdk\Resources\gbdk\lib/gb/gb.lib
                                          [ set_data.o ]
C:\Users\sva13\OneDrive\ドキュメント\会社\課題\gbdk\Resources\gbdk\lib/gb/gb.lib
                                          [ pad.o ]
C:\Users\sva13\OneDrive\ドキュメント\会社\課題\gbdk\Resources\gbdk\lib/gb/gb.lib
                                          [ set_bk_t.o ]
C:\Users\sva13\OneDrive\ドキュメント\会社\課題\gbdk\Resources\gbdk\lib/gb/gb.lib
                                          [ set_xy_t.o ]

ASxxxx Linker V03.00 + NoICE + sdld,  page 69.

User Base Address Definitions

_DATA=0xC0A0
_CODE=0x0200
ASxxxx Linker V03.00 + NoICE + sdld,  page 70.

User Global Definitions

_shadow_OAM=0xC000
.STACK=0xE000
.refresh_OAM=0xFF80

